Running block-cache reload test (Bug #34)...
input sha256 8c8f20af5cbf1d5ac064573c66189a547ae38640347157a230aeae51964cf9d6  build/test-blkreload.img
input sha256 8c8f20af5cbf1d5ac064573c66189a547ae38640347157a230aeae51964cf9d6  build/test-blkreload-ide.img
>>> ZZZNEVERWAS
ZZZNEVERWAS
ZZZNEVERWAS ? 
ok
------------------------------------------------------------
[PASS] never-existed control -> exactly one signature (got {'ZZZNEVERWAS': 1})
>>> DEPTH .
DEPTH .
0 ok
------------------------------------------------------------
[PASS] found control clean 
>>> VARIABLE BCOUNT
VARIABLE BCOUNT
ok
------------------------------------------------------------
>>> 0 BCOUNT !
0 BCOUNT !
ok
------------------------------------------------------------
>>> EMPTY-BUFFERS
EMPTY-BUFFERS
ok
------------------------------------------------------------
>>> DECIMAL 1900 LOAD
DECIMAL 1900 LOAD
ok
------------------------------------------------------------
>>> DECIMAL 1901 LOAD
DECIMAL 1901 LOAD
ok
------------------------------------------------------------
>>> DECIMAL 1902 LOAD
DECIMAL 1902 LOAD
ok
------------------------------------------------------------
>>> DECIMAL 1903 LOAD
DECIMAL 1903 LOAD
ok
------------------------------------------------------------
[PASS] staged blocks load without error signatures (got {})
>>> BCOUNT @ .
BCOUNT @ .
1 ok
------------------------------------------------------------
[PASS] BCOUNT == 1 after first 1903 load 
>>> HEX 28E00 C@ . DECIMAL
HEX 28E00 C@ . DECIMAL
31 ok
------------------------------------------------------------
[PASS] R1: slot-3 byte 0 == '1' after cold loads (instrument) (got 31)
>>> 1902 LOAD
1902 LOAD
ok
------------------------------------------------------------
>>> HEX 28E00 C@ . DECIMAL
HEX 28E00 C@ . DECIMAL
31 ok
------------------------------------------------------------
[PASS] R2: slot-3 byte 0 still '1' after 1902 cache hit (got 31)
>>> 1903 LOAD
1903 LOAD
ok
------------------------------------------------------------
[PASS] R3a: 1903 reload has no error signatures 
>>> BCOUNT @ .
BCOUNT @ .
2 ok
------------------------------------------------------------
[PASS] R3: BCOUNT == 2 (1903 reload was effective) (got 2)
>>> DEPTH .
DEPTH .
0 ok
------------------------------------------------------------
[PASS] R4: DEPTH == 0 after all loads 
>>> DECIMAL 1904 LOAD
DECIMAL 1904 LOAD
AAAAAAAAAABBBBBBBBBBCCCCCCCCCCZ ? 
ZYXWVUTSRQ ? 
ok
------------------------------------------------------------
[PASS] R5: 40-char token -> exactly the two pinned signatures (got {'AAAAAAAAAABBBBBBBBBBCCCCCCCCCCZ': 1, 'ZYXWVUTSRQ': 1}, want {'AAAAAAAAAABBBBBBBBBBCCCCCCCCCCZ': 1, 'ZYXWVUTSRQ': 1})
>>> DECIMAL 1905 LOAD
DECIMAL 1905 LOAD
ZZZENDBYTE ? 
ok
------------------------------------------------------------
[PASS] R6: byte-1023 token errors under its FULL name (got {'ZZZENDBYTE': 1})
>>> DEPTH .
DEPTH .
0 ok
------------------------------------------------------------
[PASS] R5/R6 leave DEPTH == 0 
============================================================
ALL PASS
