Running PCI-BAR vocab test...
input sha256 840696e3e6fafad61009d8c00debee20379c4e6e07280ab97e383d24e86291a3  build/combined.img

=== Phase 0: instrument controls (fatal on failure) ===
  instrument: interpreter alive
  instrument: DEF? says yes and no
  instrument: fixture: embedded PCI-FIND-CLASS finds an 04/03 function
  PCI-FIND-CLASS 4 3 -> [0, 4, 0]

=== Phase 1: block-load PCI-BAR (pre-registered red) ===
  FAIL: PCI-BAR has catalog placement -- forth/dict/pci-bar.fth absent from the scan
  FAIL: PCI-BAR blocks load (interpreter alive after THRU) -- no placement: THRU not attempted
  FAIL: PCI-BAR vocabulary defined
  FAIL: PCI-CLASS-COUNT, -NTH, -LIST defined -- False False False
  FAIL: PCI-BAR64@ defined in PCI-BAR

=== Phase 2: two intel-hda functions ===
  FAIL: 4 3 PCI-CLASS-COUNT = 2 -- got None
  FAIL: instance 0 found -- ''
  FAIL: instance 0 = PCI-FIND-CLASS (agreement control) -- None vs [0, 4, 0, -1]
  FAIL: instance 1 found, a different b:d:f -- None vs None
  FAIL: instance 2 refuses: <0 > -- None
  FAIL: instance -1 refuses: <0 > -- None
  FAIL: the two instances have distinct nonzero BAR0 -- None None
  PCI-CLASS-LIST rows: []
  FAIL: PCI-CLASS-LIST prints exactly 2 rows, 0 and 1 -- ''
  FAIL: row 0 is instance 0 -- [] vs None
  FAIL: absent class 7/7: count 0, instance 0 refuses -- None None
  PASS: DEPTH 0 at exit

Results: 1/16 passed
make: *** [Makefile:501: test-pci-bar] Error 1
