Running dictionary bounds test...
input sha256 b83802137a641a4db832ee5faac91d1a6c6f5ed22111e51a86cb03e3e6dc1b62  build/bmforth.img

Test 1: positive controls
  PASS: interpreter alive at start
  PASS: STATE probe reads 0 in interpret mode
  PASS: STATE probe reads 1 in compile mode
  PASS: HERE plausible (in dict region)

Test 2: small ALLOT round trip (guard must not tax legitimate use)
  PASS: 8 ALLOT moved HERE by 8
  PASS: HERE restored

Test 3: overflow ALLOT is refused, before mutation
  PASS: overflow ALLOT refused with a message
  PASS: overflow ALLOT left HERE unchanged
  PASS: interpreter alive after refused ALLOT

Test 4: compile-path backstop fires (the guard covering the ~40 unedited inline sites)
  PASS: compile-path backstop fired
  PASS: backstop blocked the definition
  PASS: interpreter alive after backstop
  PASS: HERE below ceiling after backstop
  PASS: STATE cleared by refusal (escape hatch open)
  PASS: interpret-mode poke lands after refusal

Test 5: recovered -- definitions work again below the ceiling
  PASS: post-restore definition compiles
  PASS: post-restore definition runs (BT-REC = 10)
  PASS: interpreter alive at end

Passed: 18/18

--- provenance (appended 2026-08-25) ---
marker: SOURCE-UNRECOVERABLE
source UNRECOVERABLE: image b8380213...dc1b62 was built from an uncommitted working
tree (ceiling guard present, floor guard absent), since overwritten by the 2026-08-25
01:21 floor-guard edits. Checked for recoverable objects: git stash list (one stash,
pre-guard b4e9816-era) and git fsck dangling commits (2026-03-22, 2026-04-25, both
pre-guard). No git object holds this source. The result stands as observed; it cannot
be reproduced. Go-forward rule: every evidence capture records `git rev-parse HEAD`
(or an anchored snapshot ref -- bare `git stash create` output is gc-bait, anchor it
with `git stash store` or refs/evidence/*) beside the image hash, plus the
untracked-EMBED_VOCABS fingerprint.
