Running dictionary bounds test...
input sha256 492c79814d10c182c29e4731b0a86a3feab5c04932f288d998be7db8cd44b053  build/bmforth.img

Test 1: positive controls
  PASS: interpreter alive at start
  PASS: HERE plausible (in dict region)

Test 2: small ALLOT round trip (guard must not tax legitimate use)
  PASS: 8 ALLOT moved HERE by 8
  PASS: HERE restored

Test 3: overflow ALLOT is refused, before mutation
  FAIL: overflow ALLOT refused with a message -- 'ok'
  FAIL: overflow ALLOT left HERE unchanged -- before=0x5E1F0 after=528384 (moved = unguarded)
  PASS: interpreter alive after refused ALLOT

Test 4: compile-path backstop fires (the guard covering the ~40 unedited inline sites)
  FAIL: compile-path backstop fired -- 'ok'
  FAIL: backstop blocked the definition -- 'ok'
  PASS: interpreter alive after backstop
  PASS: HERE never crossed the ceiling

Test 5: recovered -- definitions work again below the ceiling
  PASS: post-restore definition compiles
  PASS: post-restore definition runs (BT-REC = 10)
  PASS: interpreter alive at end

Passed: 10/14
make: *** [Makefile:279: test-dict-bounds] Error 1

--- provenance (appended 2026-08-25) ---
marker: SOURCE-VERIFIED (rebuilt 2026-08-25, byte-identical)
source: commit 79cdbb2 (tracked tree, clean at capture) + gitignored EMBED_VOCABS
verified 2026-08-25: fresh detached worktree of 79cdbb2 + the gitignored .fth files
rebuilt build/bmforth.img BYTE-IDENTICAL: sha256 492c7981...44b053 matches this log's
input hash. Also proves the nasm build is deterministic (no embedded timestamps) and
that the 8 gitignored embed inputs are unchanged since capture.
untracked-inputs fingerprint: sha256 of `sha256sum` over {ahci,rtl8168,ntfs,
auto-detect,fat32,surveyor,file-editor-disk,file-stream}.fth (that order)
= a0e391ffef7a5c48dfeec802a4921e51cf75c0cefdb99d5a0f080beb56c645f1
embedded.bin sha256 = 19ee3a3fc60887e8754ad7032533f7dbd9e363212d20297bb989e04aa71cebd7
