differential-all 2026-09-15T12:07:03-07:00 log=../../docs/evidence/differential-2026-09-15.log
command: make differential-all (tools/translator/Makefile)
ghidra: /snap/ghidra/47/ghidra application.version=12.1.2
CODE c649833bf1b64a3b91efef72ec63d5154ddc8ac982ff0975d8477ce84bab5d5f  tests/dump_starts.c
CODE 941baf49d5b5473aeba9f33b84f488673973d9e659eabe4110dfe86446e6953c  scripts/compare_starts.py
CODE e1ff6bdf31dd8a748d513a0a4eadee255de2b0f2ce4ca9d7b0ea817575359593  ../../tools/ghidra/InstrStarts.java
CODE f5e902ae969d5f6c10589a4f059d3e60371292b0e0abba1b516fd9fa49fb9586  src/decoders/x86_decoder.c
CODE 860d1a122c61f0f044139dea45021fe5e5719a6967e39e611947bdefbcd83b8c  src/loaders/pe_loader.c
CODE 0b302249aed2179c3445e3e464fd8de330b8bdaf1c66b632975079b7c337c48c  src/loaders/elf_loader.c
=== ../../tests/hp_i3/ACPI.sys
INPUT 37328e9bdf7242b8a44ce71a2750ffb7bb7b3c761bd3214c16a36d4e2944840b  ../../tests/hp_i3/ACPI.sys
InstrStarts.java> INSTRSTARTS block=.text instructions=103148
InstrStarts.java> INSTRSTARTS block=PAGE instructions=40831
InstrStarts.java> INSTRSTARTS block=INIT instructions=4942
InstrStarts.java> INSTRSTARTS total=148921 file=/home/bbrown/projects/forthos/tools/translator/build/differential/ACPI.sys.ghidra.txt
OURS dump_starts format=PE mode=64 image_base=1c0000000 sections=3
OURS .text decoded=117602 covered=439954 of 439954 bytes
OURS PAGE decoded=46642 covered=169408 of 169408 bytes
OURS INIT decoded=5380 covered=22498 of 22498 bytes
DIFF ACPI.sys
DIFF   section      ghidra     ours    match      mid     none    run   agree
DIFF   .text        103148   117602   102337     2556    12709     16   87.0%
DIFF   PAGE          40831    46642    40410     1143     5089     16   86.6%
DIFF   INIT           4942     5380     4927       43      410      6   91.6%
DIFF   TOTAL        148921   169624   147674     3742    18208     16   87.1%
SUMMARY ACPI.sys ghidra=148921 ours=169624 match=147674 mid=3742 none=18208 longest_run=16 agree=87.1%
=== ../../tests/hp_i3/disk.sys
INPUT 30451b36bb163ef5c03ea596b3de1c658326094fdaf3bef712d1660cf64f2d4a  ../../tests/hp_i3/disk.sys
InstrStarts.java> INSTRSTARTS block=.text instructions=4556
InstrStarts.java> INSTRSTARTS block=PAGE instructions=7643
InstrStarts.java> INSTRSTARTS block=INIT instructions=136
InstrStarts.java> INSTRSTARTS total=12335 file=/home/bbrown/projects/forthos/tools/translator/build/differential/disk.sys.ghidra.txt
OURS dump_starts format=PE mode=64 image_base=1c0000000 sections=3
OURS .text decoded=5367 covered=20066 of 20066 bytes
OURS PAGE decoded=8300 covered=31527 of 31527 bytes
OURS INIT decoded=169 covered=744 of 744 bytes
DIFF disk.sys
DIFF   section      ghidra     ours    match      mid     none    run   agree
DIFF   .text          4556     5367     4545       23      799      8   84.7%
DIFF   PAGE           7643     8300     7639        8      653      2   92.0%
DIFF   INIT            136      169      132        6       31      6   78.1%
DIFF   TOTAL         12335    13836    12316       37     1483      8   89.0%
SUMMARY disk.sys ghidra=12335 ours=13836 match=12316 mid=37 none=1483 longest_run=8 agree=89.0%
=== ../../tests/hp_i3/HDAudBus.sys
INPUT 9966d998035daae02622e88657f848e6cd2ff8205a9c391b2c9c9f024f20d8df  ../../tests/hp_i3/HDAudBus.sys
InstrStarts.java> INSTRSTARTS block=.text instructions=15928
InstrStarts.java> INSTRSTARTS block=PAGE instructions=8188
InstrStarts.java> INSTRSTARTS block=INIT instructions=98
InstrStarts.java> INSTRSTARTS total=24214 file=/home/bbrown/projects/forthos/tools/translator/build/differential/HDAudBus.sys.ghidra.txt
OURS dump_starts format=PE mode=64 image_base=1c0000000 sections=3
OURS .text decoded=18053 covered=69893 of 69893 bytes
OURS PAGE decoded=9010 covered=37937 of 37937 bytes
OURS INIT decoded=123 covered=366 of 366 bytes
DIFF HDAudBus.sys
DIFF   section      ghidra     ours    match      mid     none    run   agree
DIFF   .text         15928    18053    15889       92     2072      9   88.0%
DIFF   PAGE           8188     9010     8175       24      811      7   90.7%
DIFF   INIT             98      123       94        6       23      6   76.4%
DIFF   TOTAL         24214    27186    24158      122     2906      9   88.9%
SUMMARY HDAudBus.sys ghidra=24214 ours=27186 match=24158 mid=122 none=2906 longest_run=9 agree=88.9%
=== ../../tests/hp_i3/i8042prt.sys
INPUT e1887a4e678bba7226e7ebe5b49ec821c2f23642d321a9e1513f7477e4b9340d  ../../tests/hp_i3/i8042prt.sys
InstrStarts.java> INSTRSTARTS block=.text instructions=10686
InstrStarts.java> INSTRSTARTS block=PAGE instructions=7848
InstrStarts.java> INSTRSTARTS block=INIT instructions=556
InstrStarts.java> INSTRSTARTS total=19090 file=/home/bbrown/projects/forthos/tools/translator/build/differential/i8042prt.sys.ghidra.txt
OURS dump_starts format=PE mode=64 image_base=1c0000000 sections=3
OURS .text decoded=12058 covered=49025 of 49025 bytes
OURS PAGE decoded=8781 covered=36851 of 36851 bytes
OURS INIT decoded=599 covered=2713 of 2713 bytes
DIFF i8042prt.sys
DIFF   section      ghidra     ours    match      mid     none    run   agree
DIFF   .text         10686    12058    10668       62     1328      9   88.5%
DIFF   PAGE           7848     8781     7833       34      914      7   89.2%
DIFF   INIT            556      599      552        6       41      6   92.2%
DIFF   TOTAL         19090    21438    19053      102     2283      9   88.9%
SUMMARY i8042prt.sys ghidra=19090 ours=21438 match=19053 mid=102 none=2283 longest_run=9 agree=88.9%
=== ../../tests/hp_i3/pci.sys
INPUT 18331874dce2e9c660eec99d997542796dd9f54535d4a30b61d14c5403b3e9d4  ../../tests/hp_i3/pci.sys
InstrStarts.java> INSTRSTARTS block=.text instructions=37407
InstrStarts.java> INSTRSTARTS block=PAGE instructions=47686
InstrStarts.java> INSTRSTARTS block=INIT instructions=1734
InstrStarts.java> INSTRSTARTS total=86827 file=/home/bbrown/projects/forthos/tools/translator/build/differential/pci.sys.ghidra.txt
OURS dump_starts format=PE mode=64 image_base=1c0000000 sections=3
OURS .text decoded=43522 covered=158979 of 158979 bytes
OURS PAGE decoded=54317 covered=199115 of 199115 bytes
OURS INIT decoded=1919 covered=7645 of 7645 bytes
DIFF pci.sys
DIFF   section      ghidra     ours    match      mid     none    run   agree
DIFF   .text         37407    43522    37347      268     5907      7   85.8%
DIFF   PAGE          47686    54317    47625      291     6401      9   87.7%
DIFF   INIT           1734     1919     1728       15      176      6   90.0%
DIFF   TOTAL         86827    99758    86700      574    12484      9   86.9%
SUMMARY pci.sys ghidra=86827 ours=99758 match=86700 mid=574 none=12484 longest_run=9 agree=86.9%
=== ../../tests/hp_i3/serial.sys
INPUT 024c1f9fbefdcbc174733a5c97b121a6d7ad30e836c1820054bcb45f99fb4373  ../../tests/hp_i3/serial.sys
InstrStarts.java> INSTRSTARTS block=.text instructions=4715
InstrStarts.java> INSTRSTARTS block=PAGESRP0 instructions=4444
InstrStarts.java> INSTRSTARTS block=PAGESER instructions=4311
InstrStarts.java> INSTRSTARTS block=INIT instructions=382
InstrStarts.java> INSTRSTARTS total=13852 file=/home/bbrown/projects/forthos/tools/translator/build/differential/serial.sys.ghidra.txt
OURS dump_starts format=PE mode=64 image_base=1c0000000 sections=4
OURS .text decoded=5746 covered=20329 of 20329 bytes
OURS PAGESRP0 decoded=4816 covered=19504 of 19504 bytes
OURS PAGESER decoded=5141 covered=19124 of 19124 bytes
OURS INIT decoded=402 covered=1714 of 1714 bytes
DIFF serial.sys
DIFF   section      ghidra     ours    match      mid     none    run   agree
DIFF   .text          4715     5746     4708       16     1022      5   81.9%
DIFF   PAGESRP0       4444     4816     4436        8      372      8   92.1%
DIFF   PAGESER        4311     5141     4308       23      810      8   83.8%
DIFF   INIT            382      402      361        6       35      6   89.8%
DIFF   TOTAL         13852    16105    13813       53     2239      8   85.8%
SUMMARY serial.sys ghidra=13852 ours=16105 match=13813 mid=53 none=2239 longest_run=8 agree=85.8%
=== ../../tests/hp_i3/storport.sys
INPUT c81db5390f1fd36eb80e6db5c0ed1f7c3289c7a09ee70510fbe42d1a7717a198  ../../tests/hp_i3/storport.sys
InstrStarts.java> INSTRSTARTS block=.text instructions=85662
InstrStarts.java> INSTRSTARTS block=PAGE instructions=12081
InstrStarts.java> INSTRSTARTS block=PAGEVRFY instructions=443
InstrStarts.java> INSTRSTARTS block=INIT instructions=42
InstrStarts.java> INSTRSTARTS total=98228 file=/home/bbrown/projects/forthos/tools/translator/build/differential/storport.sys.ghidra.txt
OURS dump_starts format=PE mode=64 image_base=1c0000000 sections=4
OURS .text decoded=96709 covered=362617 of 362617 bytes
OURS PAGE decoded=13559 covered=49305 of 49305 bytes
OURS PAGEVRFY decoded=784 covered=2063 of 2063 bytes
OURS INIT decoded=52 covered=114 of 114 bytes
DIFF storport.sys
DIFF   section      ghidra     ours    match      mid     none    run   agree
DIFF   .text         85662    96709    85255     1120    10334     19   88.2%
DIFF   PAGE          12081    13559    12063       43     1453      7   89.0%
DIFF   PAGEVRFY        443      784      443        0      341      0   56.5%
DIFF   INIT             42       52       21        6       25      6   40.4%
DIFF   TOTAL         98228   111104    97782     1169    12153     19   88.0%
SUMMARY storport.sys ghidra=98228 ours=111104 match=97782 mid=1169 none=12153 longest_run=19 agree=88.0%
=== ../../tests/hp_i3/usbxhci.sys
INPUT beedb41d713d8cbc305f6c37d0503390d4dbbd84d6b49f2a1efe39d547c01fa5  ../../tests/hp_i3/usbxhci.sys
InstrStarts.java> INSTRSTARTS block=.text instructions=75805
InstrStarts.java> INSTRSTARTS block=PAGE instructions=13065
InstrStarts.java> INSTRSTARTS block=PAGEIPPT instructions=266
InstrStarts.java> INSTRSTARTS block=INIT instructions=98
InstrStarts.java> INSTRSTARTS total=89234 file=/home/bbrown/projects/forthos/tools/translator/build/differential/usbxhci.sys.ghidra.txt
OURS dump_starts format=PE mode=64 image_base=1c0000000 sections=4
OURS .text decoded=85919 covered=335120 of 335120 bytes
OURS PAGE decoded=14155 covered=58224 of 58224 bytes
OURS PAGEIPPT decoded=332 covered=1082 of 1082 bytes
OURS INIT decoded=123 covered=366 of 366 bytes
DIFF usbxhci.sys
DIFF   section      ghidra     ours    match      mid     none    run   agree
DIFF   .text         75805    85919    75556      702     9661     22   87.9%
DIFF   PAGE          13065    14155    13044       50     1061      7   92.2%
DIFF   PAGEIPPT        266      332      266        0       66      0   80.1%
DIFF   INIT             98      123       94        6       23      6   76.4%
DIFF   TOTAL         89234   100529    88960      758    10811     22   88.5%
SUMMARY usbxhci.sys ghidra=89234 ours=100529 match=88960 mid=758 none=10811 longest_run=22 agree=88.5%
=== build/differential/modules/ne2k-pci.ko
INPUT 8197408b4a1440c53bbd63fa3524392c505f05a6efd8807771ad0dd50716750f  build/differential/modules/ne2k-pci.ko
InstrStarts.java> INSTRSTARTS block=.text instructions=1193
InstrStarts.java> INSTRSTARTS block=.init.text instructions=28
InstrStarts.java> INSTRSTARTS block=.exit.text instructions=23
InstrStarts.java> INSTRSTARTS total=1244 file=/home/bbrown/projects/forthos/tools/translator/build/differential/ne2k-pci.ko.ghidra.txt
OURS dump_starts format=ELF mode=64 text_vaddr=0
OURS .text decoded=1229 covered=4003 of 4003 bytes
DIFF ne2k-pci.ko
DIFF   section      ghidra     ours    match      mid     none    run   agree
DIFF   .text          1193     1229     1178       29       22      4   95.9%
DIFF   TOTAL          1193     1229     1178       29       22      4   95.9%
DIFF   executable Ghidra blocks we did not decode: .init.text .exit.text
SUMMARY ne2k-pci.ko ghidra=1193 ours=1229 match=1178 mid=29 none=22 longest_run=4 agree=95.9%
=== build/differential/modules/8139too.ko
INPUT d37805490a3ae855082ff92e9eb4bf0c1a9ed758dda86342891e9ef18b89d5c2  build/differential/modules/8139too.ko
InstrStarts.java> INSTRSTARTS block=.text instructions=4026
InstrStarts.java> INSTRSTARTS block=.init.text instructions=28
InstrStarts.java> INSTRSTARTS block=.exit.text instructions=23
InstrStarts.java> INSTRSTARTS total=4077 file=/home/bbrown/projects/forthos/tools/translator/build/differential/8139too.ko.ghidra.txt
OURS dump_starts format=ELF mode=64 text_vaddr=0
OURS .text decoded=4515 covered=16330 of 16330 bytes
DIFF 8139too.ko
DIFF   section      ghidra     ours    match      mid     none    run   agree
DIFF   .text          4026     4515     4006       57      452     11   88.7%
DIFF   TOTAL          4026     4515     4006       57      452     11   88.7%
DIFF   executable Ghidra blocks we did not decode: .init.text .exit.text
SUMMARY 8139too.ko ghidra=4026 ours=4515 match=4006 mid=57 none=452 longest_run=11 agree=88.7%
=== build/differential/modules/iTCO_wdt.ko
INPUT cd83845530b8c7a05a99d128928a648f56ee58a4ed72b23d5ff1e93e1299700d  build/differential/modules/iTCO_wdt.ko
InstrStarts.java> INSTRSTARTS block=.text instructions=907
InstrStarts.java> INSTRSTARTS block=.init.text instructions=26
InstrStarts.java> INSTRSTARTS block=.exit.text instructions=23
InstrStarts.java> INSTRSTARTS total=956 file=/home/bbrown/projects/forthos/tools/translator/build/differential/iTCO_wdt.ko.ghidra.txt
OURS dump_starts format=ELF mode=64 text_vaddr=0
OURS .text decoded=936 covered=2955 of 2955 bytes
DIFF iTCO_wdt.ko
DIFF   section      ghidra     ours    match      mid     none    run   agree
DIFF   .text           907      936      895       24       17     12   95.6%
DIFF   TOTAL           907      936      895       24       17     12   95.6%
DIFF   executable Ghidra blocks we did not decode: .init.text .exit.text
SUMMARY iTCO_wdt.ko ghidra=907 ours=936 match=895 mid=24 none=17 longest_run=12 agree=95.6%
=== build/differential/modules/via-rng.ko
INPUT b24f0280783320e87fa147361970c8269d8afed8f58860d50c18f329026b7459  build/differential/modules/via-rng.ko
InstrStarts.java> INSTRSTARTS block=.text instructions=176
InstrStarts.java> INSTRSTARTS block=.init.text instructions=47
InstrStarts.java> INSTRSTARTS block=.exit.text instructions=23
InstrStarts.java> INSTRSTARTS block=.altinstr_replacement instructions=0
InstrStarts.java> INSTRSTARTS total=246 file=/home/bbrown/projects/forthos/tools/translator/build/differential/via-rng.ko.ghidra.txt
OURS dump_starts format=ELF mode=64 text_vaddr=0
OURS .text decoded=180 covered=517 of 517 bytes
DIFF via-rng.ko
DIFF   section      ghidra     ours    match      mid     none    run   agree
DIFF   .text           176      180      176        2        2      2   97.8%
DIFF   TOTAL           176      180      176        2        2      2   97.8%
DIFF   executable Ghidra blocks we did not decode: .init.text .exit.text
SUMMARY via-rng.ko ghidra=176 ours=180 match=176 mid=2 none=2 longest_run=2 agree=97.8%
=== tests/data/serial.sys
INPUT 6425e79f9de1065ca2e178a8d17c02143b6b18365a39ce59739ca5dc21fa627b  tests/data/serial.sys
ERROR MinGW pseudo-relocation list not found (MingwRelocationAnalyzer)  
InstrStarts.java> INSTRSTARTS block=.text instructions=4220
InstrStarts.java> INSTRSTARTS total=4220 file=/home/bbrown/projects/forthos/tools/translator/build/differential/serial.sys.ghidra.txt
OURS dump_starts format=PE mode=32 image_base=10000 sections=1
OURS .text decoded=4276 covered=19092 of 19092 bytes
DIFF serial.sys
DIFF   section      ghidra     ours    match      mid     none    run   agree
DIFF   .text          4220     4276     4220        2       54      2   98.7%
DIFF   TOTAL          4220     4276     4220        2       54      2   98.7%
SUMMARY serial.sys ghidra=4220 ours=4276 match=4220 mid=2 none=54 longest_run=2 agree=98.7%
=== tests/data/beep.sys
INPUT 983991f616e227d6b7128fc1fe1ab0394fe64f647236755c1516a3c21498d246  tests/data/beep.sys
ERROR MinGW pseudo-relocation list not found (MingwRelocationAnalyzer)  
InstrStarts.java> INSTRSTARTS block=.text instructions=447
InstrStarts.java> INSTRSTARTS total=447 file=/home/bbrown/projects/forthos/tools/translator/build/differential/beep.sys.ghidra.txt
OURS dump_starts format=PE mode=32 image_base=10000 sections=1
OURS .text decoded=465 covered=1728 of 1728 bytes
DIFF beep.sys
DIFF   section      ghidra     ours    match      mid     none    run   agree
DIFF   .text           447      465      447        0       18      0   96.1%
DIFF   TOTAL           447      465      447        0       18      0   96.1%
SUMMARY beep.sys ghidra=447 ours=465 match=447 mid=0 none=18 longest_run=0 agree=96.1%
