[36mSmoke-testing the shipped binary...[0m
  examined 37 disassembly lines from the linked binary
  unknown-mnemonic lines: 9 of 37
  SMOKE PASS: shipped binary decodes the fixture, resolves the 64-bit moffs address, no address-0 run
[36mTesting PE loader...[0m
gcc -Wall -Wextra -Wpedantic -O2 -std=c11 -D_POSIX_C_SOURCE=200809L -Isrc -Iinclude -o build/tests/test_pe_loader \
	tests/test_pe_loader.c \
	src/loaders/pe_loader.c
./build/tests/test_pe_loader
PE Loader Tests
===============
  TEST: load_minimal_pe                          PASS
  TEST: find_text_section                        PASS
  TEST: rva_to_ptr                               PASS
  TEST: reject_invalid_data                      PASS
  TEST: import_parsing                           PASS

Results: 5/5 passed
[36mTesting x86 decoder...[0m
gcc -Wall -Wextra -Wpedantic -O2 -std=c11 -D_POSIX_C_SOURCE=200809L -Isrc -Iinclude -o build/tests/test_x86_decoder \
	tests/test_x86_decoder.c \
	src/decoders/x86_decoder.c
./build/tests/test_x86_decoder
x86 Decoder Tests
=================
  TEST: NOP                                           PASS
  TEST: RET                                           PASS
  TEST: PUSH_EAX                                      PASS
  TEST: POP_EBX                                       PASS
  TEST: MOV_EAX_imm32                                 PASS
  TEST: MOV_AL_imm8                                   PASS
  TEST: IN_AL_imm8                                    PASS
  TEST: OUT_imm8_AL                                   PASS
  TEST: IN_EAX_DX                                     PASS
  TEST: OUT_DX_AL                                     PASS
  TEST: CALL_rel32                                    PASS
  TEST: JMP_short                                     PASS
  TEST: JMP_rel32                                     PASS
  TEST: JE_short                                      PASS
  TEST: MOV_mem_EAX_to_EBX                            PASS
  TEST: MOV_EAX_from_EBP_plus_8                       PASS
  TEST: MOV_ECX_from_EDI_plus_0x100                   PASS
  TEST: MOVZX_EAX_byte_ptr_ECX                        PASS
  TEST: JNE_near                                      PASS
  TEST: ADD_EAX_imm8                                  PASS
  TEST: CMP_EAX_imm8                                  PASS
  TEST: decode_range                                  PASS
  TEST: LEA_EAX_EBP_plus_8                            PASS
  TEST: MOV_EAX_ESI_plus_EDI_x4                       PASS
  TEST: CLI_STI                                       PASS
  TEST: LEAVE                                         PASS
  TEST: XOR_EAX_EAX                                   PASS
  TEST: TEST_AL_imm8                                  PASS
  TEST: 16bit_MOV_AX_imm16                            PASS
  TEST: 16bit_opsize_gives_32bit                      PASS
  TEST: 16bit_IN_OUT_ports                            PASS
  TEST: REX_W_MOV_RBP_RSP                             PASS
  TEST: REX_B_PUSH_R8                                 PASS
  TEST: no_REX_in_32bit_mode                          PASS
  TEST: x64_RED_lea_rip_relative                      PASS
  TEST: x64_RED_mov_rax_imm64_len10                   PASS
  TEST: x64_RED_rex_b_base_r8                         PASS
  TEST: x64_RED_rex_r_reg_field_r8                    PASS
  TEST: x64_RED_rex_b_push_r12                        XFAIL (expected): opcode-embedded reg: expected 12 (R12)
  TEST: x64_RED_push_default_size_64                  PASS
  TEST: x64_RED_byte_reg_sil_under_rex                XFAIL (expected): source reg: expected 18 (SIL)
  TEST: x64_RED_truncated_imm32_refused               XFAIL (expected): truncated imm32: decoder returned nonzero for a 2-byte buffer (read past the end)
  TEST: x64_RED_truncated_disp32_refused              XFAIL (expected): truncated disp32: decoder returned nonzero for a 3-byte buffer (read past the end)
  TEST: x64_RED_rex_x_sib_index_r8                    PASS
  TEST: x64_RED_rex_x_sib_index_r12_escape            PASS
  TEST: x64_RED_rex_b_rm_register_r8                  PASS
  TEST: x64_RED_call_indirect_default_size_64         PASS
  TEST: x64_RED_push_opsize_prefix_16                 PASS
  TEST: x64_RED_push_rexw_redundant_64                PASS
  TEST: x64_RED_push_opsize_and_rexw_is_64            PASS
  TEST: x64_RED_push_imm_default_size_64              PASS
  TEST: x64_RED_pop_rm_decoded                        PASS
  TEST: x64_RED_n_movsxd_length                       PASS
  TEST: x64_RED_n_imul_imm32_length                   PASS
  TEST: x64_RED_n_imul_imm8_length                    PASS
  TEST: x64_RED_n_x87_modrm_length                    PASS
  TEST: x64_RED_n_enter_length                        PASS
  TEST: x64_RED_n_jrcxz_length                        PASS
  TEST: x64_RED_o_moffs_64bit_address                 PASS
  TEST: x64_RED_p_movsxd_decoded                      XFAIL (expected): 63 must be recognised (MOVSXD)
  TEST: x64_RED_p_imul_imm_decoded                    XFAIL (expected): 69 must be recognised as IMUL
  TEST: x64_RED_s_pshufw_imm8_length                  XFAIL (expected): length: expected 4
  TEST: x64_RED_s_cmpps_imm8_length                   XFAIL (expected): length: expected 4
  TEST: x64_RED_s_pinsrw_imm8_length                  XFAIL (expected): length: expected 4
  TEST: x64_RED_s_pextrw_imm8_length                  XFAIL (expected): length: expected 4
  TEST: x64_RED_s_mov_cr_mod_ignored                  XFAIL (expected): length: expected 3 for one of 0F 20/21/22/23 (the arm claims all four; the witness set is now four)
  TEST: x64_RED_s_pextrw_xmm_imm8_length              XFAIL (expected): length: expected 5
  TEST: x64_RED_s_rsm_no_modrm_length                 XFAIL (expected): length: expected 2
  TEST: x64_RED_u_0f_map_matches_oracle               XFAIL (expected): checked=2065 wrong_rows=61 wrong_opcodes=10: 0F0F 0F70 0FAA 0FC2 0FC4 0F20 0F21 0F22 0FC5 0F78
  TEST: x86_RED_v_addr_size_prefix_disp16             XFAIL (expected): length: expected 5 (67: 16-bit addressing, mod=10 is disp16)
  TEST: x64_RED_n_invalid_06_refused                  PASS
  TEST: x64_RED_n_invalid_82_mode_split               PASS
  TEST: x64_RED_n_invalid_walk_continues              PASS
  TEST: x64_RED_w_pushad_invalid_64                   PASS
  TEST: x64_RED_r1_push_iz_opsize16                   XFAIL (expected): length: expected 4 (66 68 iw)
  TEST: x64_RED_r2_test_eax_iz_opsize16               XFAIL (expected): length: expected 4 (66 A9 iw)
  TEST: x64_RED_r3_test_ev_iz_opsize16                XFAIL (expected): length: expected 5 (66 F7 /0 iw)
  TEST: x64_RED_x_fxch_register_form                  PASS
  TEST: x64_RED_x_fninit_register_form                PASS
  TEST: x64_RED_x_fcomi_register_form                 PASS
  TEST: x64_GUARD_x_fadd_st0_register_form            PASS
  TEST: x64_RED_y_lea_register_form_invalid           XFAIL (expected): 64-bit: 8D C0 decoded (LEA reg,reg is #UD); expected INVALID
  TEST: x64_RED_aa_unhandled_two_byte_is_not_nop      XFAIL (expected): 0F A7 XSTORE renders as NOP; an unhandled opcode must not be NOP (UNKNOWN or INVALID both pass; the class property is the assertion)
  TEST: x64_RED_ab_two_byte_arm_ignores_mandatory_prefix XFAIL (expected): 0F AE C0 (invalid in both instruments) and F3 0F AE C0 (RDFSBASE, 4 bytes in both) decode to the same instruction; the two-byte arm never reads the mandatory prefix
  TEST: open_register_is_exactly_the_xfail_list       PASS
  TEST: x64_GUARD_n_pushf_stays_len1                  PASS
  TEST: x64_GUARD_n_popf_stays_len1                   PASS
  TEST: x64_table_consistency_sweep                   (checked=2184 tautological=504 skipped=384 wrong_rows=13 disagreeing_opcodes=4) PASS
  TEST: x86_32_table_consistency_sweep                (checked=1080 tautological=372 skipped=84 wrong_rows=11 disagreeing_opcodes=4) PASS
  TEST: x64_GUARD_pop_rm_digit_nonzero_not_pop        PASS
  TEST: x64_GUARD_far_call_ff3_keeps_default_size     PASS
  TEST: x64_GUARD_inc_ff0_keeps_normal_size           PASS
  TEST: x64_GUARD_opsize_prefix_call_is_16            PASS
  TEST: x64_GUARD_legacy_segment_push_invalid_in_64bit PASS
  TEST: x64_GUARD_push_size_stays_4_in_32bit_mode     PASS
  TEST: x64_GUARD_rex_r_ignored_on_group3_digit       PASS
  TEST: x64_GUARD_rex_wr_ignored_on_group3_digit      PASS
  TEST: x64_GUARD_rex_r_ignored_on_group5_digit       PASS
  TEST: x64_GUARD_rex_r_ignored_on_group1_digit       PASS
  TEST: x64_GUARD_opcode_82_not_an_alu_op_in_64bit    PASS
  TEST: x64_GUARD_rex_does_not_leak_to_next_insn      PASS
  TEST: INSB                                          PASS
  TEST: INSD                                          PASS
  TEST: OUTSB                                         PASS
  TEST: REP_INSB                                      PASS
  TEST: multibyte_nop_0F1F                            PASS
  TEST: cmovcc_0F44                                   XFAIL (expected): CMOVE renders as NOP; the identity is wrong, the length is not
  TEST: bt_rm_r_0FA3                                  XFAIL (expected): BT renders as NOP; the identity is wrong, the length is not
  TEST: bt_rm_imm8_0FBA                               XFAIL (expected): BT renders as NOP; the identity is wrong, the length is not
  TEST: cmpxchg_0FB1                                  XFAIL (expected): CMPXCHG renders as NOP; the identity is wrong, the length is not
  TEST: xadd_0FC1                                     XFAIL (expected): XADD renders as NOP; the identity is wrong, the length is not
  TEST: unknown_0f_modrm_recovery                     XFAIL (expected): 0F 0D C0 is the register form of PREFETCH and is #UD in both instruments; the decoder accepts it instead of refusing
  TEST: desync_recovery_BT_then_IN                    XFAIL (expected): BT renders as NOP; the identity is wrong, the length is not
  TEST: three_byte_0F38                               XFAIL (expected): PSHUFB renders as NOP; the identity is wrong, the length is not
  TEST: three_byte_0F3A                               XFAIL (expected): PALIGNR renders as NOP; the identity is wrong, the length is not

Results: pass=85 xfail=30 fail=0 xpass=0 (tests=115)
[36mTesting dump_starts RIP arm...[0m
gcc -Wall -Wextra -Wpedantic -O2 -std=c11 -D_POSIX_C_SOURCE=200809L -Isrc -Iinclude -D_POSIX_C_SOURCE=200809L -Itests -o build/tests/test_dump_starts_arm \
	tests/test_dump_starts_arm.c src/loaders/pe_loader.c \
	src/loaders/elf_loader.c src/loaders/format_detect.c \
	src/decoders/x86_decoder.c
=== dump_starts RIP arm (base == 32) ===
  TEST: rip_arm_resolves_fixture_lea_to_oracle_target  PASS  [A:0x40101a]
  TEST: rip_arm_negative_disp_keeps_sign               PASS  [A:0x400fea]
  TEST: rip_arm_is_relative_to_instruction_end         PASS  [A:0x40100a]
  TEST: CONTROL_absolute_arm_prints_raw_disp           PASS  [A:0x10]
  TEST: CONTROL_base_register_still_memory_form        PASS  [M:RAX,-,1,0x18]

Results: all passed
[36mTesting port attestation (finding z)...[0m
gcc -Wall -Wextra -Wpedantic -O2 -std=c11 -D_POSIX_C_SOURCE=200809L -Isrc -Iinclude -DTRANSLATOR_NO_MAIN -o build/tests/test_port_attestation \
	tests/test_port_attestation.c \
	src/main/translator.c \
	src/loaders/pe_loader.c \
	src/loaders/elf_loader.c \
	src/loaders/format_detect.c \
	src/loaders/com_loader.c \
	src/decoders/x86_decoder.c \
	src/ir/uir.c \
	src/ir/semantic.c \
	src/codegen/forth_codegen.c
src/main/translator.c: In function ‘generate_forth_output’:
src/main/translator.c:196:10: warning: variable ‘any_port_io’ set but not used [-Wunused-but-set-variable]
  196 |     bool any_port_io = false;
      |          ^~~~~~~~~~~
src/main/translator.c: At top level:
src/main/translator.c:81:17: warning: ‘parse_target’ defined but not used [-Wunused-function]
   81 | static target_t parse_target(const char* str) {
      |                 ^~~~~~~~~~~~
src/main/translator.c:60:13: warning: ‘print_usage’ defined but not used [-Wunused-function]
   60 | static void print_usage(const char* program) {
      |             ^~~~~~~~~~~
./build/tests/test_port_attestation
=== Port attestation (finding z) ===
  TEST: z_no_unattested_port_reaches_the_emitter       (8 drivers analysed) PASS

Results: 1/1 passed (xfail=0 of 0 registered, xpass=0, skipped=0)
[36mTesting CIL decoder...[0m
gcc -Wall -Wextra -Wpedantic -O2 -std=c11 -D_POSIX_C_SOURCE=200809L -Isrc -Iinclude -o build/tests/test_cil_decoder \
	tests/test_cil_decoder.c \
	src/decoders/cil_decoder.c \
	src/loaders/pe_loader.c
./build/tests/test_cil_decoder
CIL Decoder Tests
=================
  TEST: decode_nop                                    PASS
  TEST: decode_ret                                    PASS
  TEST: decode_ldloc_0                                PASS
  TEST: decode_ldc_i4_s                               PASS
  TEST: decode_ldc_i4                                 PASS
  TEST: decode_call                                   PASS
  TEST: decode_br_s                                   PASS
  TEST: decode_ceq_extended                           PASS
  TEST: decode_switch                                 PASS
  TEST: decode_unknown                                PASS
  TEST: tiny_method_header                            PASS
  TEST: fat_method_header                             PASS
  TEST: opcode_names                                  PASS
  TEST: instruction_sequence                          PASS

Results: 14/14 passed
[36mTesting CIL semantic classifier...[0m
gcc -Wall -Wextra -Wpedantic -O2 -std=c11 -D_POSIX_C_SOURCE=200809L -Isrc -Iinclude -o build/tests/test_cil_semantic \
	tests/test_cil_semantic.c \
	src/ir/cil_semantic.c \
	src/decoders/cil_decoder.c \
	src/loaders/pe_loader.c -lm
./build/tests/test_cil_semantic
CIL Semantic Classifier Tests
=============================
  TEST: classify_security_namespace                   PASS
  TEST: classify_payload                              PASS
  TEST: classify_mixed_payload_ratio                  PASS
  TEST: classify_empty_method                         PASS
  TEST: threshold_filter                              PASS
  TEST: ldsfld_detection                              PASS

Results: 6/6 passed
[36mTesting ARM64 decoder...[0m
gcc -Wall -Wextra -Wpedantic -O2 -std=c11 -D_POSIX_C_SOURCE=200809L -Isrc -Iinclude -o build/tests/test_arm64_decoder \
	tests/test_arm64_decoder.c \
	src/decoders/arm64_decoder.c
./build/tests/test_arm64_decoder
ARM64 Decoder Tests
===================
  TEST: NOP                                           PASS
  TEST: RET                                           PASS
  TEST: ADD_X0_X1_42                                  PASS
  TEST: SUB_W0_W1_10                                  PASS
  TEST: CMP_X1_0                                      PASS
  TEST: MOVZ_X0_0x1234                                PASS
  TEST: MOVK_X0_0x5678_LSL16                          PASS
  TEST: B_offset_0x100                                PASS
  TEST: BL_offset_0x200                               PASS
  TEST: B_EQ_target                                   PASS
  TEST: CBZ_X0_target                                 PASS
  TEST: LDR_X0_X1_offset8                             PASS
  TEST: STR_W0_X1_offset4                             PASS
  TEST: MRS_sysreg                                    PASS
  TEST: MSR_sysreg                                    PASS
  TEST: SVC_0                                         PASS
  TEST: ADD_X0_X1_X2                                  PASS
  TEST: MOV_X0_X1                                     PASS
  TEST: DMB_ISH                                       PASS
  TEST: decode_range_sequence                         PASS
  TEST: sysreg_encoding                               PASS

Results: 21/21 passed
[36mTesting UIR lifter...[0m
gcc -Wall -Wextra -Wpedantic -O2 -std=c11 -D_POSIX_C_SOURCE=200809L -Isrc -Iinclude -o build/tests/test_uir \
	tests/test_uir.c \
	src/ir/uir.c \
	src/decoders/x86_decoder.c
tests/test_uir.c: In function ‘test_insb_lifts_to_port_in’:
tests/test_uir.c:373:46: warning: passing argument 1 of ‘uir_lift_function’ from incompatible pointer type [-Wincompatible-pointer-types]
  373 |     uir_function_t* func = uir_lift_function(insts, count, 0x1000);
      |                                              ^~~~~
      |                                              |
      |                                              x86_decoded_t *
In file included from tests/test_uir.c:17:
tests/../include/uir.h:211:58: note: expected ‘const uir_x86_input_t *’ but argument is of type ‘x86_decoded_t *’
  211 | uir_function_t* uir_lift_function(const uir_x86_input_t* insts, size_t count,
      |                                   ~~~~~~~~~~~~~~~~~~~~~~~^~~~~
tests/test_uir.c: In function ‘test_outsb_lifts_to_port_out’:
tests/test_uir.c:398:46: warning: passing argument 1 of ‘uir_lift_function’ from incompatible pointer type [-Wincompatible-pointer-types]
  398 |     uir_function_t* func = uir_lift_function(insts, count, 0x1000);
      |                                              ^~~~~
      |                                              |
      |                                              x86_decoded_t *
tests/../include/uir.h:211:58: note: expected ‘const uir_x86_input_t *’ but argument is of type ‘x86_decoded_t *’
  211 | uir_function_t* uir_lift_function(const uir_x86_input_t* insts, size_t count,
      |                                   ~~~~~~~~~~~~~~~~~~~~~~~^~~~~
tests/test_uir.c: In function ‘test_int10h_lifts_to_uir_int’:
tests/test_uir.c:424:46: warning: passing argument 1 of ‘uir_lift_function’ from incompatible pointer type [-Wincompatible-pointer-types]
  424 |     uir_function_t* func = uir_lift_function(insts, count, 0x100);
      |                                              ^~~~~
      |                                              |
      |                                              x86_decoded_t *
tests/../include/uir.h:211:58: note: expected ‘const uir_x86_input_t *’ but argument is of type ‘x86_decoded_t *’
  211 | uir_function_t* uir_lift_function(const uir_x86_input_t* insts, size_t count,
      |                                   ~~~~~~~~~~~~~~~~~~~~~~~^~~~~
tests/test_uir.c: In function ‘test_int21h_no_hw_flag’:
tests/test_uir.c:448:46: warning: passing argument 1 of ‘uir_lift_function’ from incompatible pointer type [-Wincompatible-pointer-types]
  448 |     uir_function_t* func = uir_lift_function(insts, count, 0x100);
      |                                              ^~~~~
      |                                              |
      |                                              x86_decoded_t *
tests/../include/uir.h:211:58: note: expected ‘const uir_x86_input_t *’ but argument is of type ‘x86_decoded_t *’
  211 | uir_function_t* uir_lift_function(const uir_x86_input_t* insts, size_t count,
      |                                   ~~~~~~~~~~~~~~~~~~~~~~~^~~~~
tests/test_uir.c: In function ‘test_mixed_int_portio’:
tests/test_uir.c:471:46: warning: passing argument 1 of ‘uir_lift_function’ from incompatible pointer type [-Wincompatible-pointer-types]
  471 |     uir_function_t* func = uir_lift_function(insts, count, 0x100);
      |                                              ^~~~~
      |                                              |
      |                                              x86_decoded_t *
tests/../include/uir.h:211:58: note: expected ‘const uir_x86_input_t *’ but argument is of type ‘x86_decoded_t *’
  211 | uir_function_t* uir_lift_function(const uir_x86_input_t* insts, size_t count,
      |                                   ~~~~~~~~~~~~~~~~~~~~~~~^~~~~
./build/tests/test_uir
UIR Lifter Tests
================
  TEST: port_in_immediate                                  PASS
  TEST: port_out_immediate                                 PASS
  TEST: port_in_dx                                         PASS
  TEST: port_out_dx                                        PASS
  TEST: load_from_memory                                   PASS
  TEST: store_to_memory                                    PASS
  TEST: call_relative                                      PASS
  TEST: ret                                                PASS
  TEST: add_immediate                                      PASS
  TEST: xor_reg_reg                                        PASS
  TEST: conditional_branch_splits_blocks                   PASS
  TEST: cli_sti                                            PASS
  TEST: port_summary                                       PASS
  TEST: push_pop                                           PASS
  TEST: mov_reg_reg                                        PASS
  TEST: cmp                                                PASS
  TEST: port_in_dword                                      PASS
  TEST: insb_lifts_to_port_in                              PASS
  TEST: outsb_lifts_to_port_out                            PASS
  TEST: int10h_lifts_to_uir_int                            PASS
  TEST: int21h_no_hw_flag                                  PASS
  TEST: mixed_int_and_port_io                              PASS
  TEST: uir_opcode_name_is_total_over_the_enum             (42 opcodes) PASS
  TEST: ad_invalid_does_not_lift_to_nop                    PASS

Results: 24/24 passed (xfail=0 of 0 registered, xpass=0)
[36mTesting semantic analyzer...[0m
gcc -Wall -Wextra -Wpedantic -O2 -std=c11 -D_POSIX_C_SOURCE=200809L -Isrc -Iinclude -o build/tests/test_semantic \
	tests/test_semantic.c \
	src/ir/semantic.c \
	src/ir/uir.c \
	src/decoders/x86_decoder.c
./build/tests/test_semantic
Semantic Analyzer Tests
=======================
  TEST: classify_port_io                                   PASS
  TEST: classify_write_port                                PASS
  TEST: classify_mmio                                      PASS
  TEST: classify_timing                                    PASS
  TEST: classify_irp_scaffolding                           PASS
  TEST: classify_pnp_scaffolding                           PASS
  TEST: classify_unknown_api                               PASS
  TEST: category_classification_helpers                    PASS
  TEST: classify_imports_batch                             PASS
  TEST: analyze_hw_function                                PASS
  TEST: classify_pci_config                                PASS
  TEST: classify_dma                                       PASS
  TEST: classify_sync_scaffolding                          PASS
  TEST: iat_call_detects_hw_function                       PASS
  TEST: sem_RED_a_iat_resolver_refuses_non_iat_target      PASS
  TEST: iat_scaffolding_call_not_hardware                  PASS
  TEST: drop_reason_is_category_set                        PASS
  TEST: bios_int10h_classified_hardware                    PASS
  TEST: dos_int21h_classified_scaffolding                  PASS
  TEST: flabel_disc_access_positive                        PASS
  TEST: flabel_disc_access_negative                        PASS
  TEST: flabel_video_positive                              PASS
  TEST: flabel_video_negative                              PASS
  TEST: flabel_mmio_positive                               PASS
  TEST: flabel_mmio_negative                               PASS
  TEST: flabel_hal_wrapper_positive                        PASS
  TEST: flabel_hal_wrapper_negative                        PASS
  TEST: flabel_hal_wrapper_rejects_has_port_io             PASS
  TEST: flabel_int_setup_positive                          PASS
  TEST: flabel_int_setup_negative                          PASS
  TEST: flabel_i8042prt_stays_port_io                      PASS
  TEST: gate_confident_consistent_export                   PASS
  TEST: gate_unclassified_to_func                          PASS
  TEST: gate_absent_export_label_derived                   PASS
  TEST: gate_conflicting_export_to_func                    PASS
  TEST: gate_neutral_export_passes                         PASS
  TEST: gate_no_substring_false_conflict                   PASS
  TEST: gate_nonhw_keeps_export_name                       PASS

Results: 38/38 passed (xfail=0 of 0 registered, xpass=0)
[36mTesting call-graph propagation...[0m
gcc -Wall -Wextra -Wpedantic -O2 -std=c11 -D_POSIX_C_SOURCE=200809L -Isrc -Iinclude -o build/tests/test_callgraph \
	tests/test_callgraph.c \
	src/ir/semantic.c \
	src/ir/uir.c \
	src/decoders/x86_decoder.c
./build/tests/test_callgraph
Call-Graph Propagation Tests
============================
  TEST: leaf_scaffolding_unchanged                         PASS
  TEST: transitive_scaffolding                             PASS
  TEST: unresolvable_edge_taints                           PASS
  TEST: hardware_callee_blocks                             PASS
  TEST: chain_propagation                                  PASS
  TEST: cycle_stays_unclassified                           PASS
  TEST: transitive_taint                                   PASS
  TEST: fanout_mask_union                                  PASS

Results: 8/8 passed
[36mTesting Forth codegen...[0m
gcc -Wall -Wextra -Wpedantic -O2 -std=c11 -D_POSIX_C_SOURCE=200809L -Isrc -Iinclude -o build/tests/test_forth_codegen \
	tests/test_forth_codegen.c \
	src/codegen/forth_codegen.c
./build/tests/test_forth_codegen
Forth Code Generator Tests
==========================
  TEST: minimal_vocabulary                                 PASS
  TEST: port_constants                                     PASS
  TEST: port_read_function                                 PASS
  TEST: port_write_function                                PASS
  TEST: multiple_requires                                  PASS
  TEST: no_requires_when_null                              PASS
  TEST: port_range_desc                                    PASS
  TEST: dword_port_operations                              PASS
  TEST: hal_call_read_port_parametric                      PASS
  TEST: hal_call_write_port_parametric                     PASS
  TEST: hal_call_multiple_in_function                      PASS
  TEST: strip_summary                                      PASS
  TEST: strip_summary_absent_without_data                  PASS

Results: 13/13 passed
[36mTesting end-to-end pipeline...[0m
gcc -Wall -Wextra -Wpedantic -O2 -std=c11 -D_POSIX_C_SOURCE=200809L -Isrc -Iinclude -o build/tests/test_pipeline \
	tests/test_pipeline.c \
	src/loaders/pe_loader.c \
	src/decoders/x86_decoder.c \
	src/ir/uir.c \
	src/ir/semantic.c \
	src/codegen/forth_codegen.c
./build/tests/test_pipeline
End-to-End Pipeline Tests
=========================
  TEST: pe_to_x86_decode                                   PASS
  TEST: x86_to_uir_lift                                    PASS
  TEST: semantic_import_classification                     PASS
  TEST: full_pipeline_pe_to_forth                          PASS
  TEST: reject_non_pe_data                                 PASS

Results: 5/5 passed
[36mTesting synthetic 16550 driver...[0m
gcc -Wall -Wextra -Wpedantic -O2 -std=c11 -D_POSIX_C_SOURCE=200809L -Isrc -Iinclude -DTRANSLATOR_NO_MAIN -o build/tests/test_16550_driver \
	tests/test_16550_driver.c \
	src/main/translator.c \
	src/loaders/pe_loader.c \
	src/loaders/elf_loader.c \
	src/loaders/format_detect.c \
	src/loaders/com_loader.c \
	src/decoders/x86_decoder.c \
	src/ir/uir.c \
	src/ir/semantic.c \
	src/codegen/forth_codegen.c
src/main/translator.c: In function ‘generate_forth_output’:
src/main/translator.c:196:10: warning: variable ‘any_port_io’ set but not used [-Wunused-but-set-variable]
  196 |     bool any_port_io = false;
      |          ^~~~~~~~~~~
src/main/translator.c: At top level:
src/main/translator.c:81:17: warning: ‘parse_target’ defined but not used [-Wunused-function]
   81 | static target_t parse_target(const char* str) {
      |                 ^~~~~~~~~~~~
src/main/translator.c:60:13: warning: ‘print_usage’ defined but not used [-Wunused-function]
   60 | static void print_usage(const char* program) {
      |             ^~~~~~~~~~~
./build/tests/test_16550_driver
Synthetic 16550 UART Driver Tests
==================================
  TEST: discover_3_functions_in_16550_pe                        PASS
  TEST: full_pipeline_multi_function_16550                      PASS
  TEST: vocab_name_derived_from_filename                        PASS
  TEST: per_function_port_operations                            PASS
  TEST: export_names_used_for_functions                         PASS
  TEST: disasm_shows_all_instructions                           PASS

Results: 6/6 passed
[36mTesting Ghidra comparison...[0m
gcc -Wall -Wextra -Wpedantic -O2 -std=c11 -D_POSIX_C_SOURCE=200809L -Isrc -Iinclude -DTRANSLATOR_NO_MAIN -o build/tests/test_ghidra_compare \
	tests/test_ghidra_compare.c \
	src/main/translator.c \
	src/loaders/pe_loader.c \
	src/loaders/elf_loader.c \
	src/loaders/format_detect.c \
	src/loaders/com_loader.c \
	src/decoders/x86_decoder.c \
	src/ir/uir.c \
	src/ir/semantic.c \
	src/codegen/forth_codegen.c
tests/test_ghidra_compare.c: In function ‘test_all_ghidra_ports_found_in_forth’:
tests/test_ghidra_compare.c:448:28: warning: ‘%s’ directive output may be truncated writing up to 1023 bytes into a region of size 123 [-Wformat-truncation=]
  448 |                      "port %s not found as %s",
      |                            ^~
In file included from /usr/include/stdio.h:980,
                 from tests/test_ghidra_compare.c:16:
In function ‘snprintf’,
    inlined from ‘test_all_ghidra_ports_found_in_forth’ at tests/test_ghidra_compare.c:447:13:
/usr/include/x86_64-linux-gnu/bits/stdio2.h:54:10: note: ‘__builtin___snprintf_chk’ output between 20 and 1074 bytes into a destination of size 128
   54 |   return __builtin___snprintf_chk (__s, __n, __USE_FORTIFY_LEVEL - 1,
      |          ^~~~~~~~~~~~~~~~~~~~~~~~~~~~~~~~~~~~~~~~~~~~~~~~~~~~~~~~~~~~
   55 |                                    __glibc_objsize (__s), __fmt,
      |                                    ~~~~~~~~~~~~~~~~~~~~~~~~~~~~~
   56 |                                    __va_arg_pack ());
      |                                    ~~~~~~~~~~~~~~~~~
src/main/translator.c: In function ‘generate_forth_output’:
src/main/translator.c:196:10: warning: variable ‘any_port_io’ set but not used [-Wunused-but-set-variable]
  196 |     bool any_port_io = false;
      |          ^~~~~~~~~~~
src/main/translator.c: At top level:
src/main/translator.c:81:17: warning: ‘parse_target’ defined but not used [-Wunused-function]
   81 | static target_t parse_target(const char* str) {
      |                 ^~~~~~~~~~~~
src/main/translator.c:60:13: warning: ‘print_usage’ defined but not used [-Wunused-function]
   60 | static void print_usage(const char* program) {
      |             ^~~~~~~~~~~
./build/tests/test_ghidra_compare
Ghidra Comparison Tests
=======================
  TEST: all_ghidra_ports_found_in_forth                    PASS
  TEST: all_ghidra_hw_funcs_found_in_forth                 PASS
  TEST: scaffolding_filtered_out                           PASS
  TEST: hal_imports_generate_requires                      PASS

Results: 4/4 passed
[36mTesting i8042prt.sys Ghidra validation...[0m
gcc -Wall -Wextra -Wpedantic -O2 -std=c11 -D_POSIX_C_SOURCE=200809L -Isrc -Iinclude -DTRANSLATOR_NO_MAIN -o build/tests/test_i8042_validation \
	tests/test_i8042_validation.c \
	src/main/translator.c \
	src/loaders/pe_loader.c \
	src/loaders/elf_loader.c \
	src/loaders/format_detect.c \
	src/loaders/com_loader.c \
	src/decoders/x86_decoder.c \
	src/ir/uir.c \
	src/ir/semantic.c \
	src/codegen/forth_codegen.c
src/main/translator.c: In function ‘generate_forth_output’:
src/main/translator.c:196:10: warning: variable ‘any_port_io’ set but not used [-Wunused-but-set-variable]
  196 |     bool any_port_io = false;
      |          ^~~~~~~~~~~
src/main/translator.c: At top level:
src/main/translator.c:81:17: warning: ‘parse_target’ defined but not used [-Wunused-function]
   81 | static target_t parse_target(const char* str) {
      |                 ^~~~~~~~~~~~
src/main/translator.c:60:13: warning: ‘print_usage’ defined but not used [-Wunused-function]
   60 | static void print_usage(const char* program) {
      |             ^~~~~~~~~~~
./build/tests/test_i8042_validation
i8042prt.sys Ghidra Validation Tests
====================================
  TEST: ghidra_sees_no_direct_port_ops                     PASS
  TEST: import_classification_agreement                    PASS
  TEST: ubt_finds_hal_hardware_functions                   PASS
  TEST: hal_word_mappings                                  PASS
  TEST: stack_effects_present                              PASS
  TEST: driver_entry_filtered                              PASS
  TEST: import_coverage_threshold                          PASS  [imports: 58 total, 2 PORT_IO, 13 SCAFFOLDING]

Results: 7/7 passed
[36mTesting serial.sys ReactOS validation...[0m
gcc -Wall -Wextra -Wpedantic -O2 -std=c11 -D_POSIX_C_SOURCE=200809L -Isrc -Iinclude -DTRANSLATOR_NO_MAIN -o build/tests/test_serial_validation \
	tests/test_serial_validation.c \
	src/main/translator.c \
	src/loaders/pe_loader.c \
	src/loaders/elf_loader.c \
	src/loaders/format_detect.c \
	src/loaders/com_loader.c \
	src/decoders/x86_decoder.c \
	src/ir/uir.c \
	src/ir/semantic.c \
	src/codegen/forth_codegen.c
src/main/translator.c: In function ‘generate_forth_output’:
src/main/translator.c:196:10: warning: variable ‘any_port_io’ set but not used [-Wunused-but-set-variable]
  196 |     bool any_port_io = false;
      |          ^~~~~~~~~~~
src/main/translator.c: At top level:
src/main/translator.c:81:17: warning: ‘parse_target’ defined but not used [-Wunused-function]
   81 | static target_t parse_target(const char* str) {
      |                 ^~~~~~~~~~~~
src/main/translator.c:60:13: warning: ‘print_usage’ defined but not used [-Wunused-function]
   60 | static void print_usage(const char* program) {
      |             ^~~~~~~~~~~
./build/tests/test_serial_validation
serial.sys ReactOS Validation Tests
====================================
  TEST: ghidra_sees_no_direct_port_ops                     PASS
  TEST: import_classification_agreement                    PASS
  TEST: ubt_finds_9_hardware_functions                     PASS
  TEST: hal_word_mappings                                  PASS
  TEST: stack_effects_present                              PASS
  TEST: interrupt_infrastructure                           PASS
  TEST: driver_entry_filtered                              PASS
  TEST: line_length_block_safe                             PASS  [118 lines, all ≤ 64 chars]
  TEST: semantic_report_structure                          PASS
  TEST: import_count_agreement                             PASS
  TEST: vocabulary_structure                               PASS

Results: 11/11 passed
[36mTesting floppy.sys ReactOS validation...[0m
gcc -Wall -Wextra -Wpedantic -O2 -std=c11 -D_POSIX_C_SOURCE=200809L -Isrc -Iinclude -DTRANSLATOR_NO_MAIN -o build/tests/test_floppy_validation \
	tests/test_floppy_validation.c \
	src/main/translator.c \
	src/loaders/pe_loader.c \
	src/loaders/elf_loader.c \
	src/loaders/format_detect.c \
	src/loaders/com_loader.c \
	src/decoders/x86_decoder.c \
	src/ir/uir.c \
	src/ir/semantic.c \
	src/codegen/forth_codegen.c
src/main/translator.c: In function ‘generate_forth_output’:
src/main/translator.c:196:10: warning: variable ‘any_port_io’ set but not used [-Wunused-but-set-variable]
  196 |     bool any_port_io = false;
      |          ^~~~~~~~~~~
src/main/translator.c: At top level:
src/main/translator.c:81:17: warning: ‘parse_target’ defined but not used [-Wunused-function]
   81 | static target_t parse_target(const char* str) {
      |                 ^~~~~~~~~~~~
src/main/translator.c:60:13: warning: ‘print_usage’ defined but not used [-Wunused-function]
   60 | static void print_usage(const char* program) {
      |             ^~~~~~~~~~~
./build/tests/test_floppy_validation
floppy.sys ReactOS Validation Tests
====================================
  TEST: pipeline_succeeds                                  PASS
  TEST: hardware_function_count                            PASS
  TEST: hal_word_mappings                                  PASS
  TEST: stack_effects_present                              PASS
  TEST: vocabulary_structure                               PASS
  TEST: line_length_block_safe                             PASS  [126 lines, all <= 64 chars]
  TEST: semantic_report_counts                             PASS
  TEST: driver_entry_filtered                              PASS

Results: 8/8 passed
[36mTesting pci.sys ReactOS validation...[0m
gcc -Wall -Wextra -Wpedantic -O2 -std=c11 -D_POSIX_C_SOURCE=200809L -Isrc -Iinclude -DTRANSLATOR_NO_MAIN -o build/tests/test_pci_validation \
	tests/test_pci_validation.c \
	src/main/translator.c \
	src/loaders/pe_loader.c \
	src/loaders/elf_loader.c \
	src/loaders/format_detect.c \
	src/loaders/com_loader.c \
	src/decoders/x86_decoder.c \
	src/ir/uir.c \
	src/ir/semantic.c \
	src/codegen/forth_codegen.c
src/main/translator.c: In function ‘generate_forth_output’:
src/main/translator.c:196:10: warning: variable ‘any_port_io’ set but not used [-Wunused-but-set-variable]
  196 |     bool any_port_io = false;
      |          ^~~~~~~~~~~
src/main/translator.c: At top level:
src/main/translator.c:81:17: warning: ‘parse_target’ defined but not used [-Wunused-function]
   81 | static target_t parse_target(const char* str) {
      |                 ^~~~~~~~~~~~
src/main/translator.c:60:13: warning: ‘print_usage’ defined but not used [-Wunused-function]
   60 | static void print_usage(const char* program) {
      |             ^~~~~~~~~~~
./build/tests/test_pci_validation
pci.sys ReactOS Validation Tests
================================
  TEST: pipeline_succeeds                                  PASS
  TEST: hardware_function_count                            PASS
  TEST: pci_config_words                                   PASS
  TEST: no_port_io_words                                   PASS
  TEST: vocabulary_structure                               PASS
  TEST: line_length_block_safe                             PASS  [84 lines, all <= 64 chars]
  TEST: driver_entry_filtered                              PASS

Results: 7/7 passed
[36mTesting beep.sys ReactOS validation...[0m
gcc -Wall -Wextra -Wpedantic -O2 -std=c11 -D_POSIX_C_SOURCE=200809L -Isrc -Iinclude -DTRANSLATOR_NO_MAIN -o build/tests/test_beep_validation \
	tests/test_beep_validation.c \
	src/main/translator.c \
	src/loaders/pe_loader.c \
	src/loaders/elf_loader.c \
	src/loaders/format_detect.c \
	src/loaders/com_loader.c \
	src/decoders/x86_decoder.c \
	src/ir/uir.c \
	src/ir/semantic.c \
	src/codegen/forth_codegen.c
src/main/translator.c: In function ‘generate_forth_output’:
src/main/translator.c:196:10: warning: variable ‘any_port_io’ set but not used [-Wunused-but-set-variable]
  196 |     bool any_port_io = false;
      |          ^~~~~~~~~~~
src/main/translator.c: At top level:
src/main/translator.c:81:17: warning: ‘parse_target’ defined but not used [-Wunused-function]
   81 | static target_t parse_target(const char* str) {
      |                 ^~~~~~~~~~~~
src/main/translator.c:60:13: warning: ‘print_usage’ defined but not used [-Wunused-function]
   60 | static void print_usage(const char* program) {
      |             ^~~~~~~~~~~
./build/tests/test_beep_validation
beep.sys ReactOS Validation Tests
=================================
  TEST: pipeline_succeeds                                  PASS
  TEST: hw_function_count                                  PASS
  TEST: beep_word_present                                  PASS
  TEST: requires_hardware                                  PASS
  TEST: vocabulary_structure                               PASS
  TEST: line_length_block_safe                             PASS  [45 lines, all <= 64 chars]
  TEST: driver_entry_filtered                              PASS

Results: 7/7 passed
[36mTesting Linux ELF driver validation...[0m
gcc -Wall -Wextra -Wpedantic -O2 -std=c11 -D_POSIX_C_SOURCE=200809L -Isrc -Iinclude -DTRANSLATOR_NO_MAIN -o build/tests/test_elf_drivers \
	tests/test_elf_drivers.c \
	src/main/translator.c \
	src/loaders/pe_loader.c \
	src/loaders/elf_loader.c \
	src/loaders/format_detect.c \
	src/loaders/com_loader.c \
	src/decoders/x86_decoder.c \
	src/ir/uir.c \
	src/ir/semantic.c \
	src/codegen/forth_codegen.c
src/main/translator.c: In function ‘generate_forth_output’:
src/main/translator.c:196:10: warning: variable ‘any_port_io’ set but not used [-Wunused-but-set-variable]
  196 |     bool any_port_io = false;
      |          ^~~~~~~~~~~
src/main/translator.c: At top level:
src/main/translator.c:81:17: warning: ‘parse_target’ defined but not used [-Wunused-function]
   81 | static target_t parse_target(const char* str) {
      |                 ^~~~~~~~~~~~
src/main/translator.c:60:13: warning: ‘print_usage’ defined but not used [-Wunused-function]
   60 | static void print_usage(const char* program) {
      |             ^~~~~~~~~~~
./build/tests/test_elf_drivers
Linux ELF Driver Validation Tests
==================================
Kernel: 7.0.0-31-generic

--- ne2k-pci.ko ---
  TEST: ne2k_pipeline_succeeds                             PASS
  TEST: ne2k_hw_function_count                             SUSPENDED (function-level floor; Ghidra port instructions 70; got 15 hw functions)
  TEST: ne2k_has_port_io                                   PASS
--- 8139too.ko ---
  TEST: rtl8139_pipeline_succeeds                          PASS
  TEST: rtl8139_hw_function_count                          PASS  [0 hw functions; Ghidra port instructions 0]
  TEST: rtl8139_named_function                             PASS
--- iTCO_wdt.ko ---
  TEST: itco_pipeline_succeeds                             PASS
  TEST: itco_hw_function_count                             SUSPENDED (function-level floor; Ghidra port instructions 33; got 11 hw functions)
  TEST: itco_named_function                                PASS
--- via-rng.ko ---
  TEST: via_rng_pipeline_succeeds                          PASS
  TEST: via_rng_zero_hw_functions                          PASS
  TEST: via_rng_no_port_io                                 PASS

Results: 12/12 passed
[36mTesting ELF loader...[0m
gcc -Wall -Wextra -Wpedantic -O2 -std=c11 -D_POSIX_C_SOURCE=200809L -Isrc -Iinclude -o build/tests/test_elf_loader \
	tests/test_elf_loader.c \
	src/loaders/elf_loader.c
./build/tests/test_elf_loader
ELF Loader Tests
================
  TEST: elf_load_null                                      PASS
  TEST: elf_load_too_small                                 PASS
  TEST: elf_load_bad_magic                                 PASS
  TEST: elf_load_big_endian                                PASS
  TEST: elf32_minimal                                      PASS
  TEST: elf64_minimal                                      PASS
  TEST: elf32_symbols                                      PASS
  TEST: elf64_dynamic                                      PASS
  TEST: elf_cleanup_idempotent                             PASS
  TEST: elf_print_info                                     PASS
  TEST: elf_no_section_headers                             PASS
  TEST: elf32_port_io_code                                 PASS
  TEST: elf_unsupported_machine                            PASS

Results: 13/13 passed
[36mTesting semantic report...[0m
gcc -Wall -Wextra -Wpedantic -O2 -std=c11 -D_POSIX_C_SOURCE=200809L -Isrc -Iinclude -DTRANSLATOR_NO_MAIN -o build/tests/test_semantic_report \
	tests/test_semantic_report.c \
	src/main/translator.c \
	src/loaders/pe_loader.c \
	src/loaders/elf_loader.c \
	src/loaders/format_detect.c \
	src/loaders/com_loader.c \
	src/decoders/x86_decoder.c \
	src/ir/uir.c \
	src/ir/semantic.c \
	src/codegen/forth_codegen.c
src/main/translator.c: In function ‘generate_forth_output’:
src/main/translator.c:196:10: warning: variable ‘any_port_io’ set but not used [-Wunused-but-set-variable]
  196 |     bool any_port_io = false;
      |          ^~~~~~~~~~~
src/main/translator.c: At top level:
src/main/translator.c:81:17: warning: ‘parse_target’ defined but not used [-Wunused-function]
   81 | static target_t parse_target(const char* str) {
      |                 ^~~~~~~~~~~~
src/main/translator.c:60:13: warning: ‘print_usage’ defined but not used [-Wunused-function]
   60 | static void print_usage(const char* program) {
      |             ^~~~~~~~~~~
./build/tests/test_semantic_report
Semantic Report Tests
=====================
  TEST: pe_report_valid_json                               PASS
  TEST: pe_report_binary_info                              PASS
  TEST: pe_report_port_ops                                 PASS
  TEST: pe_report_hw_functions                             PASS
  TEST: pe_report_summary                                  PASS
  TEST: i8042_report_hw_count                              PASS
  TEST: i8042_report_imports                               PASS
  TEST: i8042_report_hal_calls                             PASS
  TEST: dotnet_report                                      PASS
  TEST: report_parseable_braces                            PASS

Results: 10/10 passed
[36mTesting format detector...[0m
gcc -Wall -Wextra -Wpedantic -O2 -std=c11 -D_POSIX_C_SOURCE=200809L -Isrc -Iinclude -o build/tests/test_format_detect \
	tests/test_format_detect.c \
	src/loaders/format_detect.c
./build/tests/test_format_detect
Format Detector Tests
=====================
  TEST: detect_com                                         PASS
  TEST: detect_com_no_extension                            PASS
  TEST: detect_pe_sys                                      PASS
  TEST: detect_pe_sys_by_extension                         PASS
  TEST: detect_pe_dll                                      PASS
  TEST: detect_pe_exe                                      PASS
  TEST: detect_dotnet                                      PASS
  TEST: detect_elf                                         PASS
  TEST: detect_elf64                                       PASS
  TEST: detect_unknown                                     PASS
  TEST: detect_null                                        PASS
  TEST: binfmt_name                                        PASS

Results: 12/12 passed
[36mTesting COM loader...[0m
gcc -Wall -Wextra -Wpedantic -O2 -std=c11 -D_POSIX_C_SOURCE=200809L -Isrc -Iinclude -o build/tests/test_com_loader \
	tests/test_com_loader.c \
	src/loaders/com_loader.c \
	src/decoders/x86_decoder.c
./build/tests/test_com_loader
COM Loader Tests
================
  TEST: com_load_minimal                                   PASS
  TEST: com_load_address                                   PASS
  TEST: com_load_null                                      PASS
  TEST: com_load_empty                                     PASS
  TEST: com_load_too_large                                 PASS
  TEST: com_max_size                                       PASS
  TEST: com_port_detection                                 PASS
  TEST: com_port_addresses                                 PASS

Results: 8/8 passed
[36mTesting strip summary agreement...[0m
gcc -Wall -Wextra -Wpedantic -O2 -std=c11 -D_POSIX_C_SOURCE=200809L -Isrc -Iinclude -DTRANSLATOR_NO_MAIN -o build/tests/test_strip_agreement \
	tests/test_strip_agreement.c \
	src/main/translator.c \
	src/loaders/pe_loader.c \
	src/loaders/elf_loader.c \
	src/loaders/format_detect.c \
	src/loaders/com_loader.c \
	src/decoders/x86_decoder.c \
	src/ir/uir.c \
	src/ir/semantic.c \
	src/codegen/forth_codegen.c
src/main/translator.c: In function ‘generate_forth_output’:
src/main/translator.c:196:10: warning: variable ‘any_port_io’ set but not used [-Wunused-but-set-variable]
  196 |     bool any_port_io = false;
      |          ^~~~~~~~~~~
src/main/translator.c: At top level:
src/main/translator.c:81:17: warning: ‘parse_target’ defined but not used [-Wunused-function]
   81 | static target_t parse_target(const char* str) {
      |                 ^~~~~~~~~~~~
src/main/translator.c:60:13: warning: ‘print_usage’ defined but not used [-Wunused-function]
   60 | static void print_usage(const char* program) {
      |             ^~~~~~~~~~~
./build/tests/test_strip_agreement
Strip Summary Agreement Tests
=============================
  TEST: forth_report_counts_agree                          PASS
  TEST: forth_lines_block_safe_64                          PASS
  TEST: dropped_and_unclassified_blocks_present            PASS

Results: 3/3 passed

[32mAll tests passed[0m
