[36mCompiling src/main/translator.c...[0m
gcc -Wall -Wextra -Wpedantic -O2 -std=c11 -D_POSIX_C_SOURCE=200809L -Isrc -Iinclude -MMD -MP -c src/main/translator.c -o build/main/translator.o
src/main/translator.c: In function ‘generate_forth_output’:
src/main/translator.c:196:10: warning: variable ‘any_port_io’ set but not used [-Wunused-but-set-variable]
  196 |     bool any_port_io = false;
      |          ^~~~~~~~~~~
[36mCompiling src/ir/semantic.c...[0m
gcc -Wall -Wextra -Wpedantic -O2 -std=c11 -D_POSIX_C_SOURCE=200809L -Isrc -Iinclude -MMD -MP -c src/ir/semantic.c -o build/ir/semantic.o
[36mCompiling src/ir/uir.c...[0m
gcc -Wall -Wextra -Wpedantic -O2 -std=c11 -D_POSIX_C_SOURCE=200809L -Isrc -Iinclude -MMD -MP -c src/ir/uir.c -o build/ir/uir.o
[36mLinking bin/translator...[0m
gcc build/main/translator.o build/loaders/com_loader.o build/loaders/elf_loader.o build/loaders/format_detect.o build/loaders/pe_loader.o build/decoders/arm64_decoder.o build/decoders/cil_decoder.o build/decoders/riscv_decoder.o build/decoders/x86_decoder.o build/ir/cil_semantic.o build/ir/semantic.o build/ir/uir.o build/codegen/codegen.o build/codegen/forth_codegen.o build/optimize/optimize.o build/api/api_map.o  -o bin/translator
[36mSmoke-testing the shipped binary...[0m
  examined 37 disassembly lines from the linked binary
  unknown-mnemonic lines: 9 of 37
  SMOKE PASS: shipped binary decodes the fixture, resolves the 64-bit moffs address, no address-0 run
[36mTesting PE loader...[0m
gcc -Wall -Wextra -Wpedantic -O2 -std=c11 -D_POSIX_C_SOURCE=200809L -Isrc -Iinclude -o build/tests/test_pe_loader \
	tests/test_pe_loader.c \
	src/loaders/pe_loader.c
./build/tests/test_pe_loader
PE Loader Tests
===============
  TEST: load_minimal_pe                          PASS
  TEST: find_text_section                        PASS
  TEST: rva_to_ptr                               PASS
  TEST: reject_invalid_data                      PASS
  TEST: import_parsing                           PASS

Results: 5/5 passed
[36mTesting x86 decoder...[0m
gcc -Wall -Wextra -Wpedantic -O2 -std=c11 -D_POSIX_C_SOURCE=200809L -Isrc -Iinclude -o build/tests/test_x86_decoder \
	tests/test_x86_decoder.c \
	src/decoders/x86_decoder.c
./build/tests/test_x86_decoder
x86 Decoder Tests
=================
  TEST: NOP                                           PASS
  TEST: RET                                           PASS
  TEST: PUSH_EAX                                      PASS
  TEST: POP_EBX                                       PASS
  TEST: MOV_EAX_imm32                                 PASS
  TEST: MOV_AL_imm8                                   PASS
  TEST: IN_AL_imm8                                    PASS
  TEST: OUT_imm8_AL                                   PASS
  TEST: IN_EAX_DX                                     PASS
  TEST: OUT_DX_AL                                     PASS
  TEST: CALL_rel32                                    PASS
  TEST: JMP_short                                     PASS
  TEST: JMP_rel32                                     PASS
  TEST: JE_short                                      PASS
  TEST: MOV_mem_EAX_to_EBX                            PASS
  TEST: MOV_EAX_from_EBP_plus_8                       PASS
  TEST: MOV_ECX_from_EDI_plus_0x100                   PASS
  TEST: MOVZX_EAX_byte_ptr_ECX                        PASS
  TEST: JNE_near                                      PASS
  TEST: ADD_EAX_imm8                                  PASS
  TEST: CMP_EAX_imm8                                  PASS
  TEST: decode_range                                  PASS
  TEST: LEA_EAX_EBP_plus_8                            PASS
  TEST: MOV_EAX_ESI_plus_EDI_x4                       PASS
  TEST: CLI_STI                                       PASS
  TEST: LEAVE                                         PASS
  TEST: XOR_EAX_EAX                                   PASS
  TEST: TEST_AL_imm8                                  PASS
  TEST: 16bit_MOV_AX_imm16                            PASS
  TEST: 16bit_opsize_gives_32bit                      PASS
  TEST: 16bit_IN_OUT_ports                            PASS
  TEST: REX_W_MOV_RBP_RSP                             PASS
  TEST: REX_B_PUSH_R8                                 PASS
  TEST: no_REX_in_32bit_mode                          PASS
  TEST: x64_RED_lea_rip_relative                      PASS
  TEST: x64_RED_mov_rax_imm64_len10                   PASS
  TEST: x64_RED_rex_b_base_r8                         PASS
  TEST: x64_RED_rex_r_reg_field_r8                    PASS
  TEST: x64_RED_rex_b_push_r12                        XFAIL (expected): opcode-embedded reg: expected 12 (R12)
  TEST: x64_RED_push_default_size_64                  PASS
  TEST: x64_RED_byte_reg_sil_under_rex                XFAIL (expected): source reg: expected 18 (SIL)
  TEST: x64_RED_truncated_imm32_refused               XFAIL (expected): truncated imm32: decoder returned nonzero for a 2-byte buffer (read past the end)
  TEST: x64_RED_truncated_disp32_refused              XFAIL (expected): truncated disp32: decoder returned nonzero for a 3-byte buffer (read past the end)
  TEST: x64_RED_rex_x_sib_index_r8                    PASS
  TEST: x64_RED_rex_x_sib_index_r12_escape            PASS
  TEST: x64_RED_rex_b_rm_register_r8                  PASS
  TEST: x64_RED_call_indirect_default_size_64         PASS
  TEST: x64_RED_push_opsize_prefix_16                 PASS
  TEST: x64_RED_push_rexw_redundant_64                PASS
  TEST: x64_RED_push_opsize_and_rexw_is_64            PASS
  TEST: x64_RED_push_imm_default_size_64              PASS
  TEST: x64_RED_pop_rm_decoded                        PASS
  TEST: x64_RED_n_movsxd_length                       PASS
  TEST: x64_RED_n_imul_imm32_length                   PASS
  TEST: x64_RED_n_imul_imm8_length                    PASS
  TEST: x64_RED_n_x87_modrm_length                    PASS
  TEST: x64_RED_n_enter_length                        PASS
  TEST: x64_RED_n_jrcxz_length                        PASS
  TEST: x64_RED_o_moffs_64bit_address                 PASS
  TEST: x64_RED_p_movsxd_decoded                      XFAIL (expected): 63 must be recognised (MOVSXD)
  TEST: x64_RED_p_imul_imm_decoded                    XFAIL (expected): 69 must be recognised as IMUL
  TEST: x64_RED_s_pshufw_imm8_length                  XFAIL (expected): length: expected 4
  TEST: x64_RED_s_cmpps_imm8_length                   XFAIL (expected): length: expected 4
  TEST: x64_RED_s_pinsrw_imm8_length                  XFAIL (expected): length: expected 4
  TEST: x64_RED_s_pextrw_imm8_length                  XFAIL (expected): length: expected 4
  TEST: x64_RED_s_mov_cr_mod_ignored                  XFAIL (expected): length: expected 3 for one of 0F 20/21/22/23 (the arm claims all four; the witness set is now four)
  TEST: x64_RED_s_pextrw_xmm_imm8_length              XFAIL (expected): length: expected 5
  TEST: x64_RED_s_rsm_no_modrm_length                 XFAIL (expected): length: expected 2
  TEST: x64_RED_u_0f_map_matches_oracle               XFAIL (expected): checked=2065 wrong_rows=61 wrong_opcodes=10: 0F0F 0F70 0FAA 0FC2 0FC4 0F20 0F21 0F22 0FC5 0F78
  TEST: x86_RED_v_addr_size_prefix_disp16             XFAIL (expected): length: expected 5 (67: 16-bit addressing, mod=10 is disp16)
  TEST: x64_RED_n_invalid_06_refused                  PASS
  TEST: x64_RED_n_invalid_82_mode_split               PASS
  TEST: x64_RED_n_invalid_walk_continues              PASS
  TEST: x64_RED_w_pushad_invalid_64                   PASS
  TEST: x64_RED_r1_push_iz_opsize16                   XFAIL (expected): length: expected 4 (66 68 iw)
  TEST: x64_RED_r2_test_eax_iz_opsize16               XFAIL (expected): length: expected 4 (66 A9 iw)
  TEST: x64_RED_r3_test_ev_iz_opsize16                XFAIL (expected): length: expected 5 (66 F7 /0 iw)
  TEST: x64_RED_x_fxch_register_form                  PASS
  TEST: x64_RED_x_fninit_register_form                PASS
  TEST: x64_RED_x_fcomi_register_form                 PASS
  TEST: x64_GUARD_x_fadd_st0_register_form            PASS
  TEST: x64_RED_y_lea_register_form_invalid           XFAIL (expected): 64-bit: 8D C0 decoded (LEA reg,reg is #UD); expected INVALID
  TEST: x64_RED_aa_unhandled_two_byte_is_not_nop      XFAIL (expected): 0F A7 XSTORE renders as NOP; an unhandled opcode must not be NOP (UNKNOWN or INVALID both pass; the class property is the assertion)
  TEST: x64_RED_ab_two_byte_arm_ignores_mandatory_prefix XFAIL (expected): 0F AE C0 (invalid in both instruments) and F3 0F AE C0 (RDFSBASE, 4 bytes in both) decode to the same instruction; the two-byte arm never reads the mandatory prefix
  TEST: open_register_is_exactly_the_xfail_list       PASS
  TEST: x64_GUARD_n_pushf_stays_len1                  PASS
  TEST: x64_GUARD_n_popf_stays_len1                   PASS
  TEST: x64_table_consistency_sweep                   (checked=2184 tautological=504 skipped=384 wrong_rows=13 disagreeing_opcodes=4) PASS
  TEST: x86_32_table_consistency_sweep                (checked=1080 tautological=372 skipped=84 wrong_rows=11 disagreeing_opcodes=4) PASS
  TEST: x64_GUARD_pop_rm_digit_nonzero_not_pop        PASS
  TEST: x64_GUARD_far_call_ff3_keeps_default_size     PASS
  TEST: x64_GUARD_inc_ff0_keeps_normal_size           PASS
  TEST: x64_GUARD_opsize_prefix_call_is_16            PASS
  TEST: x64_GUARD_legacy_segment_push_invalid_in_64bit PASS
  TEST: x64_GUARD_push_size_stays_4_in_32bit_mode     PASS
  TEST: x64_GUARD_rex_r_ignored_on_group3_digit       PASS
  TEST: x64_GUARD_rex_wr_ignored_on_group3_digit      PASS
  TEST: x64_GUARD_rex_r_ignored_on_group5_digit       PASS
  TEST: x64_GUARD_rex_r_ignored_on_group1_digit       PASS
  TEST: x64_GUARD_opcode_82_not_an_alu_op_in_64bit    PASS
  TEST: x64_GUARD_rex_does_not_leak_to_next_insn      PASS
  TEST: INSB                                          PASS
  TEST: INSD                                          PASS
  TEST: OUTSB                                         PASS
  TEST: REP_INSB                                      PASS
  TEST: multibyte_nop_0F1F                            PASS
  TEST: cmovcc_0F44                                   XFAIL (expected): CMOVE renders as NOP; the identity is wrong, the length is not
  TEST: bt_rm_r_0FA3                                  XFAIL (expected): BT renders as NOP; the identity is wrong, the length is not
  TEST: bt_rm_imm8_0FBA                               XFAIL (expected): BT renders as NOP; the identity is wrong, the length is not
  TEST: cmpxchg_0FB1                                  XFAIL (expected): CMPXCHG renders as NOP; the identity is wrong, the length is not
  TEST: xadd_0FC1                                     XFAIL (expected): XADD renders as NOP; the identity is wrong, the length is not
  TEST: unknown_0f_modrm_recovery                     XFAIL (expected): 0F 0D C0 is the register form of PREFETCH and is #UD in both instruments; the decoder accepts it instead of refusing
  TEST: desync_recovery_BT_then_IN                    XFAIL (expected): BT renders as NOP; the identity is wrong, the length is not
  TEST: three_byte_0F38                               XFAIL (expected): PSHUFB renders as NOP; the identity is wrong, the length is not
  TEST: three_byte_0F3A                               XFAIL (expected): PALIGNR renders as NOP; the identity is wrong, the length is not

Results: pass=85 xfail=30 fail=0 xpass=0 (tests=115)
[36mTesting dump_starts RIP arm...[0m
gcc -Wall -Wextra -Wpedantic -O2 -std=c11 -D_POSIX_C_SOURCE=200809L -Isrc -Iinclude -D_POSIX_C_SOURCE=200809L -Itests -o build/tests/test_dump_starts_arm \
	tests/test_dump_starts_arm.c src/loaders/pe_loader.c \
	src/loaders/elf_loader.c src/loaders/format_detect.c \
	src/decoders/x86_decoder.c
=== dump_starts RIP arm (base == 32) ===
  TEST: rip_arm_resolves_fixture_lea_to_oracle_target  PASS  [A:0x40101a]
  TEST: rip_arm_negative_disp_keeps_sign               PASS  [A:0x400fea]
  TEST: rip_arm_is_relative_to_instruction_end         PASS  [A:0x40100a]
  TEST: CONTROL_absolute_arm_prints_raw_disp           PASS  [A:0x10]
  TEST: CONTROL_base_register_still_memory_form        PASS  [M:RAX,-,1,0x18]

Results: all passed
[36mTesting port attestation (finding z)...[0m
gcc -Wall -Wextra -Wpedantic -O2 -std=c11 -D_POSIX_C_SOURCE=200809L -Isrc -Iinclude -DTRANSLATOR_NO_MAIN -o build/tests/test_port_attestation \
	tests/test_port_attestation.c \
	src/main/translator.c \
	src/loaders/pe_loader.c \
	src/loaders/elf_loader.c \
	src/loaders/format_detect.c \
	src/loaders/com_loader.c \
	src/decoders/x86_decoder.c \
	src/ir/uir.c \
	src/ir/semantic.c \
	src/codegen/forth_codegen.c
src/main/translator.c: In function ‘generate_forth_output’:
src/main/translator.c:196:10: warning: variable ‘any_port_io’ set but not used [-Wunused-but-set-variable]
  196 |     bool any_port_io = false;
      |          ^~~~~~~~~~~
src/main/translator.c: At top level:
src/main/translator.c:81:17: warning: ‘parse_target’ defined but not used [-Wunused-function]
   81 | static target_t parse_target(const char* str) {
      |                 ^~~~~~~~~~~~
src/main/translator.c:60:13: warning: ‘print_usage’ defined but not used [-Wunused-function]
   60 | static void print_usage(const char* program) {
      |             ^~~~~~~~~~~
./build/tests/test_port_attestation
=== Port attestation (finding z) ===
  TEST: z_no_unattested_port_reaches_the_emitter       (8 drivers analysed) PASS

Results: 1/1 passed (xfail=0 of 0 registered, xpass=0, skipped=0)
[36mTesting CIL decoder...[0m
gcc -Wall -Wextra -Wpedantic -O2 -std=c11 -D_POSIX_C_SOURCE=200809L -Isrc -Iinclude -o build/tests/test_cil_decoder \
	tests/test_cil_decoder.c \
	src/decoders/cil_decoder.c \
	src/loaders/pe_loader.c
./build/tests/test_cil_decoder
CIL Decoder Tests
=================
  TEST: decode_nop                                    PASS
  TEST: decode_ret                                    PASS
  TEST: decode_ldloc_0                                PASS
  TEST: decode_ldc_i4_s                               PASS
  TEST: decode_ldc_i4                                 PASS
  TEST: decode_call                                   PASS
  TEST: decode_br_s                                   PASS
  TEST: decode_ceq_extended                           PASS
  TEST: decode_switch                                 PASS
  TEST: decode_unknown                                PASS
  TEST: tiny_method_header                            PASS
  TEST: fat_method_header                             PASS
  TEST: opcode_names                                  PASS
  TEST: instruction_sequence                          PASS

Results: 14/14 passed
[36mTesting CIL semantic classifier...[0m
gcc -Wall -Wextra -Wpedantic -O2 -std=c11 -D_POSIX_C_SOURCE=200809L -Isrc -Iinclude -o build/tests/test_cil_semantic \
	tests/test_cil_semantic.c \
	src/ir/cil_semantic.c \
	src/decoders/cil_decoder.c \
	src/loaders/pe_loader.c -lm
./build/tests/test_cil_semantic
CIL Semantic Classifier Tests
=============================
  TEST: classify_security_namespace                   PASS
  TEST: classify_payload                              PASS
  TEST: classify_mixed_payload_ratio                  PASS
  TEST: classify_empty_method                         PASS
  TEST: threshold_filter                              PASS
  TEST: ldsfld_detection                              PASS

Results: 6/6 passed
[36mTesting ARM64 decoder...[0m
gcc -Wall -Wextra -Wpedantic -O2 -std=c11 -D_POSIX_C_SOURCE=200809L -Isrc -Iinclude -o build/tests/test_arm64_decoder \
	tests/test_arm64_decoder.c \
	src/decoders/arm64_decoder.c
./build/tests/test_arm64_decoder
ARM64 Decoder Tests
===================
  TEST: NOP                                           PASS
  TEST: RET                                           PASS
  TEST: ADD_X0_X1_42                                  PASS
  TEST: SUB_W0_W1_10                                  PASS
  TEST: CMP_X1_0                                      PASS
  TEST: MOVZ_X0_0x1234                                PASS
  TEST: MOVK_X0_0x5678_LSL16                          PASS
  TEST: B_offset_0x100                                PASS
  TEST: BL_offset_0x200                               PASS
  TEST: B_EQ_target                                   PASS
  TEST: CBZ_X0_target                                 PASS
  TEST: LDR_X0_X1_offset8                             PASS
  TEST: STR_W0_X1_offset4                             PASS
  TEST: MRS_sysreg                                    PASS
  TEST: MSR_sysreg                                    PASS
  TEST: SVC_0                                         PASS
  TEST: ADD_X0_X1_X2                                  PASS
  TEST: MOV_X0_X1                                     PASS
  TEST: DMB_ISH                                       PASS
  TEST: decode_range_sequence                         PASS
  TEST: sysreg_encoding                               PASS

Results: 21/21 passed
[36mTesting UIR lifter...[0m
gcc -Wall -Wextra -Wpedantic -O2 -std=c11 -D_POSIX_C_SOURCE=200809L -Isrc -Iinclude -o build/tests/test_uir \
	tests/test_uir.c \
	src/ir/uir.c \
	src/decoders/x86_decoder.c
tests/test_uir.c: In function ‘test_insb_lifts_to_port_in’:
tests/test_uir.c:368:46: warning: passing argument 1 of ‘uir_lift_function’ from incompatible pointer type [-Wincompatible-pointer-types]
  368 |     uir_function_t* func = uir_lift_function(insts, count, 0x1000);
      |                                              ^~~~~
      |                                              |
      |                                              x86_decoded_t *
In file included from tests/test_uir.c:17:
tests/../include/uir.h:211:58: note: expected ‘const uir_x86_input_t *’ but argument is of type ‘x86_decoded_t *’
  211 | uir_function_t* uir_lift_function(const uir_x86_input_t* insts, size_t count,
      |                                   ~~~~~~~~~~~~~~~~~~~~~~~^~~~~
tests/test_uir.c: In function ‘test_outsb_lifts_to_port_out’:
tests/test_uir.c:393:46: warning: passing argument 1 of ‘uir_lift_function’ from incompatible pointer type [-Wincompatible-pointer-types]
  393 |     uir_function_t* func = uir_lift_function(insts, count, 0x1000);
      |                                              ^~~~~
      |                                              |
      |                                              x86_decoded_t *
tests/../include/uir.h:211:58: note: expected ‘const uir_x86_input_t *’ but argument is of type ‘x86_decoded_t *’
  211 | uir_function_t* uir_lift_function(const uir_x86_input_t* insts, size_t count,
      |                                   ~~~~~~~~~~~~~~~~~~~~~~~^~~~~
tests/test_uir.c: In function ‘test_int10h_lifts_to_uir_int’:
tests/test_uir.c:419:46: warning: passing argument 1 of ‘uir_lift_function’ from incompatible pointer type [-Wincompatible-pointer-types]
  419 |     uir_function_t* func = uir_lift_function(insts, count, 0x100);
      |                                              ^~~~~
      |                                              |
      |                                              x86_decoded_t *
tests/../include/uir.h:211:58: note: expected ‘const uir_x86_input_t *’ but argument is of type ‘x86_decoded_t *’
  211 | uir_function_t* uir_lift_function(const uir_x86_input_t* insts, size_t count,
      |                                   ~~~~~~~~~~~~~~~~~~~~~~~^~~~~
tests/test_uir.c: In function ‘test_int21h_no_hw_flag’:
tests/test_uir.c:443:46: warning: passing argument 1 of ‘uir_lift_function’ from incompatible pointer type [-Wincompatible-pointer-types]
  443 |     uir_function_t* func = uir_lift_function(insts, count, 0x100);
      |                                              ^~~~~
      |                                              |
      |                                              x86_decoded_t *
tests/../include/uir.h:211:58: note: expected ‘const uir_x86_input_t *’ but argument is of type ‘x86_decoded_t *’
  211 | uir_function_t* uir_lift_function(const uir_x86_input_t* insts, size_t count,
      |                                   ~~~~~~~~~~~~~~~~~~~~~~~^~~~~
tests/test_uir.c: In function ‘test_mixed_int_portio’:
tests/test_uir.c:466:46: warning: passing argument 1 of ‘uir_lift_function’ from incompatible pointer type [-Wincompatible-pointer-types]
  466 |     uir_function_t* func = uir_lift_function(insts, count, 0x100);
      |                                              ^~~~~
      |                                              |
      |                                              x86_decoded_t *
tests/../include/uir.h:211:58: note: expected ‘const uir_x86_input_t *’ but argument is of type ‘x86_decoded_t *’
  211 | uir_function_t* uir_lift_function(const uir_x86_input_t* insts, size_t count,
      |                                   ~~~~~~~~~~~~~~~~~~~~~~~^~~~~
./build/tests/test_uir
UIR Lifter Tests
================
  TEST: port_in_immediate                                  PASS
  TEST: port_out_immediate                                 PASS
  TEST: port_in_dx                                         PASS
  TEST: port_out_dx                                        PASS
  TEST: load_from_memory                                   PASS
  TEST: store_to_memory                                    PASS
  TEST: call_relative                                      PASS
  TEST: ret                                                PASS
  TEST: add_immediate                                      PASS
  TEST: xor_reg_reg                                        PASS
  TEST: conditional_branch_splits_blocks                   PASS
  TEST: cli_sti                                            PASS
  TEST: port_summary                                       PASS
  TEST: push_pop                                           PASS
  TEST: mov_reg_reg                                        PASS
  TEST: cmp                                                PASS
  TEST: port_in_dword                                      PASS
  TEST: insb_lifts_to_port_in                              PASS
  TEST: outsb_lifts_to_port_out                            PASS
  TEST: int10h_lifts_to_uir_int                            PASS
  TEST: int21h_no_hw_flag                                  PASS
  TEST: mixed_int_and_port_io                              PASS
  TEST: uir_opcode_name_is_total_over_the_enum             (42 opcodes) PASS
  TEST: ad_invalid_does_not_lift_to_nop                    XPASS: expected failure PASSED - stop; correct the register, then remove from xfail_names

Results: 23/24 passed (xfail=0 of 1 registered, xpass=1)
HARD FAILURE: 1 expected failure(s) passed (XPASS).
make: *** [Makefile:165: test-uir] Error 1
