# fix (m) applied, x64_RED_pop_rm_decoded still listed: expect XPASS on that one name only; every (n)/(o)/(p) red stays XFAIL; new guard PASS; pass=72 xfail=14 fail=0 xpass=1 tests=87
803a90dbcce69eab2e26e6cec770b24fdd1deab09690ee9ed3dbc65ed9f3e347  /home/bbrown/projects/forthos/tools/translator/src/decoders/x86_decoder.c
7d35b80a39c89942dc830d55f5e6c2837e62f0cec99f1fb692a4b904c4c29408  /home/bbrown/projects/forthos/tools/translator/tests/test_x86_decoder.c
make: Entering directory '/home/bbrown/projects/forthos/tools/translator'
[36mTesting x86 decoder...[0m
gcc -Wall -Wextra -Wpedantic -O2 -std=c11 -D_POSIX_C_SOURCE=200809L -Isrc -Iinclude -o build/tests/test_x86_decoder \
	tests/test_x86_decoder.c \
	src/decoders/x86_decoder.c
tests/test_x86_decoder.c: In function ‘test_x64_red_o_moffs_64bit_address’:
tests/test_x86_decoder.c:1019:47: warning: comparison is always true due to limited range of data type [-Wtype-limits]
 1019 |     if ((uint64_t)(int64_t)d.operands[1].disp != 0x1122334455667788ULL)
      |                                               ^~
./build/tests/test_x86_decoder
x86 Decoder Tests
=================
  TEST: NOP                                           PASS
  TEST: RET                                           PASS
  TEST: PUSH_EAX                                      PASS
  TEST: POP_EBX                                       PASS
  TEST: MOV_EAX_imm32                                 PASS
  TEST: MOV_AL_imm8                                   PASS
  TEST: IN_AL_imm8                                    PASS
  TEST: OUT_imm8_AL                                   PASS
  TEST: IN_EAX_DX                                     PASS
  TEST: OUT_DX_AL                                     PASS
  TEST: CALL_rel32                                    PASS
  TEST: JMP_short                                     PASS
  TEST: JMP_rel32                                     PASS
  TEST: JE_short                                      PASS
  TEST: MOV_mem_EAX_to_EBX                            PASS
  TEST: MOV_EAX_from_EBP_plus_8                       PASS
  TEST: MOV_ECX_from_EDI_plus_0x100                   PASS
  TEST: MOVZX_EAX_byte_ptr_ECX                        PASS
  TEST: JNE_near                                      PASS
  TEST: ADD_EAX_imm8                                  PASS
  TEST: CMP_EAX_imm8                                  PASS
  TEST: decode_range                                  PASS
  TEST: LEA_EAX_EBP_plus_8                            PASS
  TEST: MOV_EAX_ESI_plus_EDI_x4                       PASS
  TEST: CLI_STI                                       PASS
  TEST: LEAVE                                         PASS
  TEST: XOR_EAX_EAX                                   PASS
  TEST: TEST_AL_imm8                                  PASS
  TEST: 16bit_MOV_AX_imm16                            PASS
  TEST: 16bit_opsize_gives_32bit                      PASS
  TEST: 16bit_IN_OUT_ports                            PASS
  TEST: REX_W_MOV_RBP_RSP                             PASS
  TEST: REX_B_PUSH_R8                                 PASS
  TEST: no_REX_in_32bit_mode                          PASS
  TEST: x64_RED_lea_rip_relative                      XFAIL (expected): base is -1: disp32 taken as absolute, RIP not applied
  TEST: x64_RED_mov_rax_imm64_len10                   PASS
  TEST: x64_RED_rex_b_base_r8                         PASS
  TEST: x64_RED_rex_r_reg_field_r8                    PASS
  TEST: x64_RED_rex_b_push_r12                        XFAIL (expected): opcode-embedded reg: expected 12 (R12)
  TEST: x64_RED_push_default_size_64                  PASS
  TEST: x64_RED_byte_reg_sil_under_rex                XFAIL (expected): source reg: expected 18 (SIL)
  TEST: x64_RED_truncated_imm32_refused               XFAIL (expected): truncated imm32: decoder returned nonzero for a 2-byte buffer (read past the end)
  TEST: x64_RED_truncated_disp32_refused              XFAIL (expected): truncated disp32: decoder returned nonzero for a 3-byte buffer (read past the end)
  TEST: x64_RED_rex_x_sib_index_r8                    PASS
  TEST: x64_RED_rex_x_sib_index_r12_escape            PASS
  TEST: x64_RED_rex_b_rm_register_r8                  PASS
  TEST: x64_RED_call_indirect_default_size_64         PASS
  TEST: x64_RED_push_opsize_prefix_16                 PASS
  TEST: x64_RED_push_rexw_redundant_64                PASS
  TEST: x64_RED_push_opsize_and_rexw_is_64            PASS
  TEST: x64_RED_push_imm_default_size_64              PASS
  TEST: x64_RED_pop_rm_decoded                        XPASS: expected failure PASSED - stop; correct the register, then remove from xfail_names
  TEST: x64_RED_n_movsxd_length                       XFAIL (expected): length: expected 2
  TEST: x64_RED_n_imul_imm32_length                   XFAIL (expected): length: expected 6
  TEST: x64_RED_n_imul_imm8_length                    XFAIL (expected): length: expected 3
  TEST: x64_RED_n_x87_modrm_length                    XFAIL (expected): length: expected 2
  TEST: x64_RED_n_enter_length                        XFAIL (expected): length: expected 4
  TEST: x64_RED_n_jrcxz_length                        XFAIL (expected): length: expected 2
  TEST: x64_RED_o_moffs_64bit_address                 XFAIL (expected): length: expected 9
  TEST: x64_RED_p_movsxd_decoded                      XFAIL (expected): length: expected 2
  TEST: x64_RED_p_imul_imm_decoded                    XFAIL (expected): length: expected 6
  TEST: x64_GUARD_pop_rm_digit_nonzero_not_pop        PASS
  TEST: x64_GUARD_far_call_ff3_keeps_default_size     PASS
  TEST: x64_GUARD_inc_ff0_keeps_normal_size           PASS
  TEST: x64_GUARD_opsize_prefix_call_is_16            PASS
  TEST: x64_GUARD_legacy_segment_push_invalid_in_64bit PASS
  TEST: x64_GUARD_push_size_stays_4_in_32bit_mode     PASS
  TEST: x64_GUARD_rex_r_ignored_on_group3_digit       PASS
  TEST: x64_GUARD_rex_wr_ignored_on_group3_digit      PASS
  TEST: x64_GUARD_rex_r_ignored_on_group5_digit       PASS
  TEST: x64_GUARD_rex_r_ignored_on_group1_digit       PASS
  TEST: x64_GUARD_opcode_82_not_an_alu_op_in_64bit    PASS
  TEST: x64_GUARD_rex_does_not_leak_to_next_insn      PASS
  TEST: INSB                                          PASS
  TEST: INSD                                          PASS
  TEST: OUTSB                                         PASS
  TEST: REP_INSB                                      PASS
  TEST: multibyte_nop_0F1F                            PASS
  TEST: cmovcc_0F44                                   PASS
  TEST: bt_rm_r_0FA3                                  PASS
  TEST: bt_rm_imm8_0FBA                               PASS
  TEST: cmpxchg_0FB1                                  PASS
  TEST: xadd_0FC1                                     PASS
  TEST: unknown_0f_modrm_recovery                     PASS
  TEST: desync_recovery_BT_then_IN                    PASS
  TEST: three_byte_0F38                               PASS
  TEST: three_byte_0F3A                               PASS

Results: pass=72 xfail=14 fail=0 xpass=1 (tests=87)
HARD FAILURE: 1 expected failure(s) passed (XPASS). The 64-bit finding is wrong somewhere; correct the register before removing the name from xfail_names.
make: *** [Makefile:107: test-x86] Error 1
make: Leaving directory '/home/bbrown/projects/forthos/tools/translator'
exit=2
