# UEFI-MMAP-0: OVMF EFI shell 'memmap', qemu-system-x86_64 -M q35 -m 2G, OVMF_CODE_4M.fd (no CSM) + scratch VARS, no disk, serial over TCP; typed: ESC, then memmap; raw serial bytes below, ANSI escapes stripped
memmap
Type       Start            End              # Pages          Attributes
BS_Code    0000000000000000-0000000000000FFF 0000000000000001 000000000000000F
Available  0000000000001000-000000000009FFFF 000000000000009F 000000000000000F
Available  0000000000100000-00000000007FFFFF 0000000000000700 000000000000000F
ACPI_NVS   0000000000800000-0000000000807FFF 0000000000000008 000000000000000F
Available  0000000000808000-000000000080AFFF 0000000000000003 000000000000000F
ACPI_NVS   000000000080B000-000000000080BFFF 0000000000000001 000000000000000F
Available  000000000080C000-000000000080FFFF 0000000000000004 000000000000000F
ACPI_NVS   0000000000810000-00000000008FFFFF 00000000000000F0 000000000000000F
BS_Data    0000000000900000-000000000177FFFF 0000000000000E80 000000000000000F
Available  0000000001780000-000000007BB74FFF 000000000007A3F5 000000000000000F
BS_Data    000000007BB75000-000000007BB94FFF 0000000000000020 000000000000000F
Available  000000007BB95000-000000007E2C5FFF 0000000000002731 000000000000000F
LoaderCode 000000007E2C6000-000000007E39EFFF 00000000000000D9 000000000000000F
Available  000000007E39F000-000000007E3F9FFF 000000000000005B 000000000000000F
BS_Data    000000007E3FA000-000000007E417FFF 000000000000001E 000000000000000F
Available  000000007E418000-000000007E42BFFF 0000000000000014 000000000000000F
BS_Data    000000007E42C000-000000007E442FFF 0000000000000017 000000000000000F
Available  000000007E443000-000000007E447FFF 0000000000000005 000000000000000F
BS_Data    000000007E448000-000000007E671FFF 000000000000022A 000000000000000F
BS_Code    000000007E672000-000000007E752FFF 00000000000000E1 000000000000000F
BS_Data    000000007E753000-000000007E7B7FFF 0000000000000065 000000000000000F
BS_Code    000000007E7B8000-000000007E7C0FFF 0000000000000009 000000000000000F
BS_Data    000000007E7C1000-000000007E7C5FFF 0000000000000005 000000000000000F
BS_Code    000000007E7C6000-000000007E7E5FFF 0000000000000020 000000000000000F
BS_Data    000000007E7E6000-000000007E7E7FFF 0000000000000002 000000000000000F
BS_Code    000000007E7E8000-000000007E7F1FFF 000000000000000A 000000000000000F
BS_Data    000000007E7F2000-000000007E7F2FFF 0000000000000001 000000000000000F
BS_Code    000000007E7F3000-000000007E7FAFFF 0000000000000008 000000000000000F
BS_Data    000000007E7FB000-000000007E7FBFFF 0000000000000001 000000000000000F
BS_Code    000000007E7FC000-000000007E80BFFF 0000000000000010 000000000000000F
BS_Data    000000007E80C000-000000007E80EFFF 0000000000000003 000000000000000F
BS_Code    000000007E80F000-000000007E811FFF 0000000000000003 000000000000000F
BS_Data    000000007E812000-000000007E818FFF 0000000000000007 000000000000000F
BS_Code    000000007E819000-000000007E82AFFF 0000000000000012 000000000000000F
BS_Data    000000007E82B000-000000007E833FFF 0000000000000009 000000000000000F
BS_Code    000000007E834000-000000007E841FFF 000000000000000E 000000000000000F
BS_Data    000000007E842000-000000007E850FFF 000000000000000F 000000000000000F
BS_Code    000000007E851000-000000007E85BFFF 000000000000000B 000000000000000F
BS_Data    000000007E85C000-000000007E866FFF 000000000000000B 000000000000000F
BS_Code    000000007E867000-000000007E87CFFF 0000000000000016 000000000000000F
BS_Data    000000007E87D000-000000007E885FFF 0000000000000009 000000000000000F
BS_Code    000000007E886000-000000007E8A9FFF 0000000000000024 000000000000000F
BS_Data    000000007E8AA000-000000007E8ACFFF 0000000000000003 000000000000000F
BS_Code    000000007E8AD000-000000007E8C0FFF 0000000000000014 000000000000000F
BS_Data    000000007E8C1000-000000007E8C7FFF 0000000000000007 000000000000000F
BS_Code    000000007E8C8000-000000007E8E0FFF 0000000000000019 000000000000000F
BS_Data    000000007E8E1000-000000007E8E3FFF 0000000000000003 000000000000000F
BS_Code    000000007E8E4000-000000007E8E9FFF 0000000000000006 000000000000000F
BS_Data    000000007E8EA000-000000007E8EBFFF 0000000000000002 000000000000000F
BS_Code    000000007E8EC000-000000007E8FEFFF 0000000000000013 000000000000000F
BS_Data    000000007E8FF000-000000007E903FFF 0000000000000005 000000000000000F
BS_Code    000000007E904000-000000007E919FFF 0000000000000016 000000000000000F
BS_Data    000000007E91A000-000000007E91BFFF 0000000000000002 000000000000000F
BS_Code    000000007E91C000-000000007E928FFF 000000000000000D 000000000000000F
BS_Data    000000007E929000-000000007E92BFFF 0000000000000003 000000000000000F
BS_Code    000000007E92C000-000000007E931FFF 0000000000000006 000000000000000F
BS_Data    000000007E932000-000000007E933FFF 0000000000000002 000000000000000F
BS_Code    000000007E934000-000000007E934FFF 0000000000000001 000000000000000F
BS_Data    000000007E935000-000000007E935FFF 0000000000000001 000000000000000F
BS_Code    000000007E936000-000000007E93AFFF 0000000000000005 000000000000000F
BS_Data    000000007E93B000-000000007E93FFFF 0000000000000005 000000000000000F
BS_Code    000000007E940000-000000007E94BFFF 000000000000000C 000000000000000F
BS_Data    000000007E94C000-000000007E94DFFF 0000000000000002 000000000000000F
BS_Code    000000007E94E000-000000007E96AFFF 000000000000001D 000000000000000F
BS_Data    000000007E96B000-000000007E96BFFF 0000000000000001 000000000000000F
BS_Code    000000007E96C000-000000007E975FFF 000000000000000A 000000000000000F
BS_Data    000000007E976000-000000007E976FFF 0000000000000001 000000000000000F
BS_Code    000000007E977000-000000007E977FFF 0000000000000001 000000000000000F
BS_Data    000000007E978000-000000007E979FFF 0000000000000002 000000000000000F
BS_Code    000000007E97A000-000000007E98EFFF 0000000000000015 000000000000000F
BS_Data    000000007E98F000-000000007E991FFF 0000000000000003 000000000000000F
BS_Code    000000007E992000-000000007E993FFF 0000000000000002 000000000000000F
BS_Data    000000007E994000-000000007E995FFF 0000000000000002 000000000000000F
BS_Code    000000007E996000-000000007E99CFFF 0000000000000007 000000000000000F
BS_Data    000000007E99D000-000000007E9A4FFF 0000000000000008 000000000000000F
BS_Code    000000007E9A5000-000000007E9A8FFF 0000000000000004 000000000000000F
BS_Data    000000007E9A9000-000000007E9AEFFF 0000000000000006 000000000000000F
BS_Code    000000007E9AF000-000000007E9AFFFF 0000000000000001 000000000000000F
BS_Data    000000007E9B0000-000000007E9B0FFF 0000000000000001 000000000000000F
BS_Code    000000007E9B1000-000000007E9EEFFF 000000000000003E 000000000000000F
BS_Data    000000007E9EF000-000000007E9F1FFF 0000000000000003 000000000000000F
BS_Code    000000007E9F2000-000000007E9F5FFF 0000000000000004 000000000000000F
BS_Data    000000007E9F6000-000000007E9FCFFF 0000000000000007 000000000000000F
BS_Code    000000007E9FD000-000000007E9FFFFF 0000000000000003 000000000000000F
BS_Data    000000007EA00000-000000007EC00FFF 0000000000000201 000000000000000F
BS_Code    000000007EC01000-000000007EC08FFF 0000000000000008 000000000000000F
BS_Data    000000007EC09000-000000007EC0DFFF 0000000000000005 000000000000000F
RT_Data    000000007EC0E000-000000007ECCEFFF 00000000000000C1 800000000000000F
BS_Code    000000007ECCF000-000000007ECE3FFF 0000000000000015 000000000000000F
BS_Data    000000007ECE4000-000000007ECE5FFF 0000000000000002 000000000000000F
BS_Code    000000007ECE6000-000000007ECE9FFF 0000000000000004 000000000000000F
BS_Data    000000007ECEA000-000000007ECEBFFF 0000000000000002 000000000000000F
BS_Code    000000007ECEC000-000000007ECF3FFF 0000000000000008 000000000000000F
BS_Data    000000007ECF4000-000000007ECF4FFF 0000000000000001 000000000000000F
BS_Code    000000007ECF5000-000000007ECF5FFF 0000000000000001 000000000000000F
BS_Data    000000007ECF6000-000000007ECF6FFF 0000000000000001 000000000000000F
BS_Code    000000007ECF7000-000000007ECF7FFF 0000000000000001 000000000000000F
BS_Data    000000007ECF8000-000000007ECF8FFF 0000000000000001 000000000000000F
BS_Code    000000007ECF9000-000000007ECFBFFF 0000000000000003 000000000000000F
BS_Data    000000007ECFC000-000000007ECFDFFF 0000000000000002 000000000000000F
BS_Code    000000007ECFE000-000000007ED14FFF 0000000000000017 000000000000000F
BS_Data    000000007ED15000-000000007ED16FFF 0000000000000002 000000000000000F
BS_Code    000000007ED17000-000000007ED18FFF 0000000000000002 000000000000000F
BS_Data    000000007ED19000-000000007F12AFFF 0000000000000412 000000000000000F
BS_Code    000000007F12B000-000000007F12EFFF 0000000000000004 000000000000000F
BS_Data    000000007F12F000-000000007F130FFF 0000000000000002 000000000000000F
BS_Code    000000007F131000-000000007F136FFF 0000000000000006 000000000000000F
BS_Data    000000007F137000-000000007F13CFFF 0000000000000006 000000000000000F
BS_Code    000000007F13D000-000000007F146FFF 000000000000000A 000000000000000F
BS_Data    000000007F147000-000000007F147FFF 0000000000000001 000000000000000F
BS_Code    000000007F148000-000000007F14CFFF 0000000000000005 000000000000000F
BS_Data    000000007F14D000-000000007F4ECFFF 00000000000003A0 000000000000000F
RT_Data    000000007F4ED000-000000007F5ECFFF 0000000000000100 800000000000000F
RT_Code    000000007F5ED000-000000007F6ECFFF 0000000000000100 800000000000000F
Reserved   000000007F6ED000-000000007F76CFFF 0000000000000080 000000000000000F
ACPI_Recl  000000007F76D000-000000007F77EFFF 0000000000000012 000000000000000F
ACPI_NVS   000000007F77F000-000000007F7FEFFF 0000000000000080 000000000000000F
BS_Data    000000007F7FF000-000000007FDFFFFF 0000000000000601 000000000000000F
Available  000000007FE00000-000000007FE76FFF 0000000000000077 000000000000000F
BS_Data    000000007FE77000-000000007FE96FFF 0000000000000020 000000000000000F
BS_Code    000000007FE97000-000000007FEC9FFF 0000000000000033 000000000000000F
BS_Data    000000007FECA000-000000007FEDAFFF 0000000000000011 000000000000000F
BS_Code    000000007FEDB000-000000007FEF3FFF 0000000000000019 000000000000000F
RT_Data    000000007FEF4000-000000007FF77FFF 0000000000000084 800000000000000F
ACPI_NVS   000000007FF78000-000000007FFFFFFF 0000000000000088 000000000000000F
Reserved   00000000E0000000-00000000EFFFFFFF 0000000000010000 0000000000000001
MMIO       00000000FFC00000-00000000FFFFFFFF 0000000000000400 8000000000000001
Reserved   000000FD00000000-000000FFFFFFFFFF 0000000000300000 0000000000000000
 
  Reserved  :      3,211,392 Pages (13,153,861,632 Bytes)
  LoaderCode:            217 Pages (888,832 Bytes)
  LoaderData:              0 Pages (0 Bytes)
  BS_Code   :            850 Pages (3,481,600 Bytes)
  BS_Data   :          8,678 Pages (35,545,088 Bytes)
  RT_Code   :            256 Pages (1,048,576 Bytes)
  RT_Data   :            581 Pages (2,379,776 Bytes)
  ACPI_Recl :             18 Pages (73,728 Bytes)
  ACPI_NVS  :            513 Pages (2,101,248 Bytes)
  MMIO      :          1,024 Pages (4,194,304 Bytes)
  MMIO_Port :              0 Pages (0 Bytes)
  PalCode   :              0 Pages (0 Bytes)
  Unaccepted:              0 Pages (0 Bytes)
  Available :        512,951 Pages (2,101,047,296 Bytes)
  Persistent:              0 Pages (0 Bytes)
              -------------- 
Total Memory:          2,047 MB (2,146,566,144 Bytes)
Shell> 
Shell> 