# UEFI-MMAP-0: OVMF EFI shell 'memmap', qemu-system-x86_64 -M q35 -m 512M, OVMF_CODE_4M.fd (no CSM) + scratch VARS, no disk, serial over TCP; typed: ESC, then memmap; raw serial bytes below, ANSI escapes stripped
memmap
Type       Start            End              # Pages          Attributes
BS_Code    0000000000000000-0000000000000FFF 0000000000000001 000000000000000F
Available  0000000000001000-000000000009FFFF 000000000000009F 000000000000000F
Available  0000000000100000-00000000007FFFFF 0000000000000700 000000000000000F
ACPI_NVS   0000000000800000-0000000000807FFF 0000000000000008 000000000000000F
Available  0000000000808000-000000000080AFFF 0000000000000003 000000000000000F
ACPI_NVS   000000000080B000-000000000080BFFF 0000000000000001 000000000000000F
Available  000000000080C000-000000000080FFFF 0000000000000004 000000000000000F
ACPI_NVS   0000000000810000-00000000008FFFFF 00000000000000F0 000000000000000F
BS_Data    0000000000900000-000000000177FFFF 0000000000000E80 000000000000000F
Available  0000000001780000-000000001BB74FFF 000000000001A3F5 000000000000000F
BS_Data    000000001BB75000-000000001BB94FFF 0000000000000020 000000000000000F
Available  000000001BB95000-000000001E2C5FFF 0000000000002731 000000000000000F
LoaderCode 000000001E2C6000-000000001E39EFFF 00000000000000D9 000000000000000F
Available  000000001E39F000-000000001E3F9FFF 000000000000005B 000000000000000F
BS_Data    000000001E3FA000-000000001E417FFF 000000000000001E 000000000000000F
Available  000000001E418000-000000001E42BFFF 0000000000000014 000000000000000F
BS_Data    000000001E42C000-000000001E442FFF 0000000000000017 000000000000000F
Available  000000001E443000-000000001E447FFF 0000000000000005 000000000000000F
BS_Data    000000001E448000-000000001E671FFF 000000000000022A 000000000000000F
BS_Code    000000001E672000-000000001E752FFF 00000000000000E1 000000000000000F
BS_Data    000000001E753000-000000001E7B7FFF 0000000000000065 000000000000000F
BS_Code    000000001E7B8000-000000001E7C0FFF 0000000000000009 000000000000000F
BS_Data    000000001E7C1000-000000001E7C5FFF 0000000000000005 000000000000000F
BS_Code    000000001E7C6000-000000001E7E5FFF 0000000000000020 000000000000000F
BS_Data    000000001E7E6000-000000001E7E7FFF 0000000000000002 000000000000000F
BS_Code    000000001E7E8000-000000001E7F1FFF 000000000000000A 000000000000000F
BS_Data    000000001E7F2000-000000001E7F2FFF 0000000000000001 000000000000000F
BS_Code    000000001E7F3000-000000001E7FAFFF 0000000000000008 000000000000000F
BS_Data    000000001E7FB000-000000001E7FBFFF 0000000000000001 000000000000000F
BS_Code    000000001E7FC000-000000001E80BFFF 0000000000000010 000000000000000F
BS_Data    000000001E80C000-000000001E80EFFF 0000000000000003 000000000000000F
BS_Code    000000001E80F000-000000001E811FFF 0000000000000003 000000000000000F
BS_Data    000000001E812000-000000001E818FFF 0000000000000007 000000000000000F
BS_Code    000000001E819000-000000001E82AFFF 0000000000000012 000000000000000F
BS_Data    000000001E82B000-000000001E833FFF 0000000000000009 000000000000000F
BS_Code    000000001E834000-000000001E841FFF 000000000000000E 000000000000000F
BS_Data    000000001E842000-000000001E850FFF 000000000000000F 000000000000000F
BS_Code    000000001E851000-000000001E85BFFF 000000000000000B 000000000000000F
BS_Data    000000001E85C000-000000001E866FFF 000000000000000B 000000000000000F
BS_Code    000000001E867000-000000001E87CFFF 0000000000000016 000000000000000F
BS_Data    000000001E87D000-000000001E885FFF 0000000000000009 000000000000000F
BS_Code    000000001E886000-000000001E8A9FFF 0000000000000024 000000000000000F
BS_Data    000000001E8AA000-000000001E8ACFFF 0000000000000003 000000000000000F
BS_Code    000000001E8AD000-000000001E8C0FFF 0000000000000014 000000000000000F
BS_Data    000000001E8C1000-000000001E8C7FFF 0000000000000007 000000000000000F
BS_Code    000000001E8C8000-000000001E8E0FFF 0000000000000019 000000000000000F
BS_Data    000000001E8E1000-000000001E8E3FFF 0000000000000003 000000000000000F
BS_Code    000000001E8E4000-000000001E8E9FFF 0000000000000006 000000000000000F
BS_Data    000000001E8EA000-000000001E8EBFFF 0000000000000002 000000000000000F
BS_Code    000000001E8EC000-000000001E8FEFFF 0000000000000013 000000000000000F
BS_Data    000000001E8FF000-000000001E903FFF 0000000000000005 000000000000000F
BS_Code    000000001E904000-000000001E919FFF 0000000000000016 000000000000000F
BS_Data    000000001E91A000-000000001E91BFFF 0000000000000002 000000000000000F
BS_Code    000000001E91C000-000000001E928FFF 000000000000000D 000000000000000F
BS_Data    000000001E929000-000000001E92BFFF 0000000000000003 000000000000000F
BS_Code    000000001E92C000-000000001E931FFF 0000000000000006 000000000000000F
BS_Data    000000001E932000-000000001E933FFF 0000000000000002 000000000000000F
BS_Code    000000001E934000-000000001E934FFF 0000000000000001 000000000000000F
BS_Data    000000001E935000-000000001E935FFF 0000000000000001 000000000000000F
BS_Code    000000001E936000-000000001E93AFFF 0000000000000005 000000000000000F
BS_Data    000000001E93B000-000000001E93FFFF 0000000000000005 000000000000000F
BS_Code    000000001E940000-000000001E94BFFF 000000000000000C 000000000000000F
BS_Data    000000001E94C000-000000001E94DFFF 0000000000000002 000000000000000F
BS_Code    000000001E94E000-000000001E96AFFF 000000000000001D 000000000000000F
BS_Data    000000001E96B000-000000001E96BFFF 0000000000000001 000000000000000F
BS_Code    000000001E96C000-000000001E975FFF 000000000000000A 000000000000000F
BS_Data    000000001E976000-000000001E976FFF 0000000000000001 000000000000000F
BS_Code    000000001E977000-000000001E977FFF 0000000000000001 000000000000000F
BS_Data    000000001E978000-000000001E979FFF 0000000000000002 000000000000000F
BS_Code    000000001E97A000-000000001E98EFFF 0000000000000015 000000000000000F
BS_Data    000000001E98F000-000000001E991FFF 0000000000000003 000000000000000F
BS_Code    000000001E992000-000000001E993FFF 0000000000000002 000000000000000F
BS_Data    000000001E994000-000000001E995FFF 0000000000000002 000000000000000F
BS_Code    000000001E996000-000000001E99CFFF 0000000000000007 000000000000000F
BS_Data    000000001E99D000-000000001E9A4FFF 0000000000000008 000000000000000F
BS_Code    000000001E9A5000-000000001E9A8FFF 0000000000000004 000000000000000F
BS_Data    000000001E9A9000-000000001E9AEFFF 0000000000000006 000000000000000F
BS_Code    000000001E9AF000-000000001E9AFFFF 0000000000000001 000000000000000F
BS_Data    000000001E9B0000-000000001E9B0FFF 0000000000000001 000000000000000F
BS_Code    000000001E9B1000-000000001E9EEFFF 000000000000003E 000000000000000F
BS_Data    000000001E9EF000-000000001E9F1FFF 0000000000000003 000000000000000F
BS_Code    000000001E9F2000-000000001E9F5FFF 0000000000000004 000000000000000F
BS_Data    000000001E9F6000-000000001E9FCFFF 0000000000000007 000000000000000F
BS_Code    000000001E9FD000-000000001E9FFFFF 0000000000000003 000000000000000F
BS_Data    000000001EA00000-000000001EC00FFF 0000000000000201 000000000000000F
BS_Code    000000001EC01000-000000001EC08FFF 0000000000000008 000000000000000F
BS_Data    000000001EC09000-000000001EC0DFFF 0000000000000005 000000000000000F
RT_Data    000000001EC0E000-000000001ECCEFFF 00000000000000C1 800000000000000F
BS_Code    000000001ECCF000-000000001ECE3FFF 0000000000000015 000000000000000F
BS_Data    000000001ECE4000-000000001ECE5FFF 0000000000000002 000000000000000F
BS_Code    000000001ECE6000-000000001ECE9FFF 0000000000000004 000000000000000F
BS_Data    000000001ECEA000-000000001ECEBFFF 0000000000000002 000000000000000F
BS_Code    000000001ECEC000-000000001ECF3FFF 0000000000000008 000000000000000F
BS_Data    000000001ECF4000-000000001ECF4FFF 0000000000000001 000000000000000F
BS_Code    000000001ECF5000-000000001ECF5FFF 0000000000000001 000000000000000F
BS_Data    000000001ECF6000-000000001ECF6FFF 0000000000000001 000000000000000F
BS_Code    000000001ECF7000-000000001ECF7FFF 0000000000000001 000000000000000F
BS_Data    000000001ECF8000-000000001ECF8FFF 0000000000000001 000000000000000F
BS_Code    000000001ECF9000-000000001ECFBFFF 0000000000000003 000000000000000F
BS_Data    000000001ECFC000-000000001ECFDFFF 0000000000000002 000000000000000F
BS_Code    000000001ECFE000-000000001ED14FFF 0000000000000017 000000000000000F
BS_Data    000000001ED15000-000000001ED16FFF 0000000000000002 000000000000000F
BS_Code    000000001ED17000-000000001ED18FFF 0000000000000002 000000000000000F
BS_Data    000000001ED19000-000000001F12AFFF 0000000000000412 000000000000000F
BS_Code    000000001F12B000-000000001F12EFFF 0000000000000004 000000000000000F
BS_Data    000000001F12F000-000000001F130FFF 0000000000000002 000000000000000F
BS_Code    000000001F131000-000000001F136FFF 0000000000000006 000000000000000F
BS_Data    000000001F137000-000000001F13CFFF 0000000000000006 000000000000000F
BS_Code    000000001F13D000-000000001F146FFF 000000000000000A 000000000000000F
BS_Data    000000001F147000-000000001F147FFF 0000000000000001 000000000000000F
BS_Code    000000001F148000-000000001F14CFFF 0000000000000005 000000000000000F
BS_Data    000000001F14D000-000000001F4ECFFF 00000000000003A0 000000000000000F
RT_Data    000000001F4ED000-000000001F5ECFFF 0000000000000100 800000000000000F
RT_Code    000000001F5ED000-000000001F6ECFFF 0000000000000100 800000000000000F
Reserved   000000001F6ED000-000000001F76CFFF 0000000000000080 000000000000000F
ACPI_Recl  000000001F76D000-000000001F77EFFF 0000000000000012 000000000000000F
ACPI_NVS   000000001F77F000-000000001F7FEFFF 0000000000000080 000000000000000F
BS_Data    000000001F7FF000-000000001FDFFFFF 0000000000000601 000000000000000F
Available  000000001FE00000-000000001FE76FFF 0000000000000077 000000000000000F
BS_Data    000000001FE77000-000000001FE96FFF 0000000000000020 000000000000000F
BS_Code    000000001FE97000-000000001FEC9FFF 0000000000000033 000000000000000F
BS_Data    000000001FECA000-000000001FEDAFFF 0000000000000011 000000000000000F
BS_Code    000000001FEDB000-000000001FEF3FFF 0000000000000019 000000000000000F
RT_Data    000000001FEF4000-000000001FF77FFF 0000000000000084 800000000000000F
ACPI_NVS   000000001FF78000-000000001FFFFFFF 0000000000000088 000000000000000F
Reserved   00000000E0000000-00000000EFFFFFFF 0000000000010000 0000000000000001
MMIO       00000000FFC00000-00000000FFFFFFFF 0000000000000400 8000000000000001
Reserved   000000FD00000000-000000FFFFFFFFFF 0000000000300000 0000000000000000
 
  Reserved  :      3,211,392 Pages (13,153,861,632 Bytes)
  LoaderCode:            217 Pages (888,832 Bytes)
  LoaderData:              0 Pages (0 Bytes)
  BS_Code   :            850 Pages (3,481,600 Bytes)
  BS_Data   :          8,678 Pages (35,545,088 Bytes)
  RT_Code   :            256 Pages (1,048,576 Bytes)
  RT_Data   :            581 Pages (2,379,776 Bytes)
  ACPI_Recl :             18 Pages (73,728 Bytes)
  ACPI_NVS  :            513 Pages (2,101,248 Bytes)
  MMIO      :          1,024 Pages (4,194,304 Bytes)
  MMIO_Port :              0 Pages (0 Bytes)
  PalCode   :              0 Pages (0 Bytes)
  Unaccepted:              0 Pages (0 Bytes)
  Available :        119,735 Pages (490,434,560 Bytes)
  Persistent:              0 Pages (0 Bytes)
              -------------- 
Total Memory:            511 MB (535,953,408 Bytes)
Shell> 
Shell> 