# every denominator the x86 evidence quotes, from one computation.
# 2026-09-20, THIRD generation.
#   gen 2: corpus and fixture reported separately (owner item 4).  The
#     fixture is an instrument and an input at once, and a fixture edit moved
#     a corpus figure: three v13 rows took the combined count 576,115 ->
#     576,118.  A corpus-only figure cannot be moved by an instrument change.
#   gen 3: the COMBINED difference is RETIRED (owner item 1).  64,114,
#     64,115 and 64,118 were circulating; the combined one mixed a v13
#     objdump count with a v12 oracle count and was known contaminated.
#     Only the corpus figure is printed now.  The fixture rows are for
#     reading, never for subtracting.
#   gen 3 also moves this script onto scripts/objdump_screen.py, the single
#     documented parsing contract (owner item 2).  The corpus total is
#     UNCHANGED at 576,083 across that move, which is the control on it.
# instrument: tools/translator/scripts/denominators.py sha256 79d1fd6a8fac9c307b07f66854cc2033ff9cd6ef432349a1e0a2660ffafff126
# parsing contract: scripts/objdump_screen.py sha256 faacf46160fe30d000bf60decc1f59d3e126ca58e07b49e1acce1acb595f84b5
# screen: objdump (Binutils 2.42), all executable sections.
# oracle side: OPSUMMARY rows of docs/evidence/operand-diff-fix-o-2026-09-20.log
#   (post-(o) generation), row count asserted against the pinned 16.
# 512,213 is withdrawn: the files it was summed from were destroyed by a clean.

== objdump -d, all executable sections, binutils 2.42
input                         instrs   0F esc +66/F2/F3
fixture/x64_reds.elf              35        9        0
hp_i3/ACPI.sys                167137    14552      299
hp_i3/disk.sys                 13818     1311       20
hp_i3/HDAudBus.sys             27120     2013       72
hp_i3/i8042prt.sys             21373     1605       28
hp_i3/pci.sys                  99309     9711      190
hp_i3/serial.sys               16074     1260       35
hp_i3/storport.sys            110364     9199      187
hp_i3/usbxhci.sys             100045     7335      222
modules/ne2k-pci.ko             1266       69        6
modules/8139too.ko              4529      280       20
modules/iTCO_wdt.ko              973       64        6
modules/via-rng.ko               251       11        0
controls/serial.sys             4276      212        0
controls/beep.sys                467       16        0
controls/nmap_service.exe       9081      597        6
CORPUS (15 inputs)            576083    48235     1091
FIXTURE (1 input)                 35        9        0
COMBINED (16)                 576118    48244     1091

== Ghidra, flow-following, harness-comparable (operand-diff-fix-o-2026-09-20.log)
  rows=16  corpus GHIDRA=511969  corpus mnemonic-class=11046
  fixture GHIDRA=31  fixture mnemonic-class=2   <-- PRE-v13: that log predates the three 0F 2x rows, so this row is stale until the differential is re-run

== the numbers the documents quote -- CORPUS ONLY
  The COMBINED figure is RETIRED (owner item 1, 2026-09-20).  It
  mixed a v13 objdump count with a v12 oracle count, and a
  contaminated number printed beside a clean one gets quoted by
  whoever reads only the table.  The fixture rows above are for
  reading, not for subtracting.

  objdump linear sweep, corpus  : 576083
  Ghidra flow-following, corpus : 511969
  difference                    : 64114
  two-byte (0F) instructions    : 48235
  ... carrying 66/F2/F3         : 1091 (2.3%)
  mnemonic-class rows           : 11046

  The third figure, 512,213, was summed from the banked Ghidra
  per-instruction files, which carry sections the harness does not
  compare.  Those files are build output and a clean destroyed them,
  so 512,213 CANNOT be re-derived here and no difference may be
  taken against it.  Use the two figures above, which can.
