# rule-30 sweep, both
# parsing contract: objdump_screen.py sha256 faacf46160fe30d000bf60decc1f59d3e126ca58e07b49e1acce1acb595f84b5
# alias table sha256 acdb90384768a0697c39bbd62b95d5e452a2f8e6f77cd39a9892aff7762e8e01  (a score-moving knob; hashed so a later
#   widening of it is visible rather than silent)
# denominator: 85 PASSING tests in test_x86_decoder.c

== predicate: asserted length vs objdump
   swept      : 65 of 85
   confirmed  : 65
   DISAGREES  : 0
   refusal policy, not an expectation : 4
      x64_RED_n_invalid_06_refused           mode=64 asserts len=1, objdump prints (bad) over 1 bytes; the oracle prints NONE
      x64_RED_n_invalid_82_mode_split        mode=64 asserts len=1, objdump prints (bad) over 1 bytes; the oracle prints NONE
      x64_RED_w_pushad_invalid_64            mode=64 asserts len=1, objdump prints (bad) over 1 bytes; the oracle prints NONE
      x64_GUARD_pop_rm_digit_nonzero_not_pop mode=64 asserts len=1, objdump prints (bad) over 4 bytes; the oracle prints NONE
   not swept  : 16
      decode_range                           no length assertion
      CLI_STI                                no length assertion
      LEAVE                                  no length assertion
      test_x64_table_consistency_sweep       no length assertion
      test_x86_32_table_consistency_sweep    no length assertion
      x64_RED_n_invalid_walk_continues       no length assertion
      x64_RED_x_fxch_register_form           no length assertion
      x64_RED_x_fninit_register_form         no length assertion
      x64_RED_x_fcomi_register_form          no length assertion
      x64_GUARD_x_fadd_st0_register_form     no length assertion
      open_register_is_exactly_the_xfail_list no length assertion
      x64_GUARD_inc_ff0_keeps_normal_size    no length assertion
      x64_GUARD_opsize_prefix_call_is_16     no length assertion
      x64_GUARD_legacy_segment_push_invalid_in_64bit no length assertion
      x64_GUARD_opcode_82_not_an_alu_op_in_64bit no length assertion
      x64_GUARD_rex_does_not_leak_to_next_insn no length assertion

== predicate: asserted identity vs objdump
   swept      : 62 of 85
   confirmed  : 62
   DISAGREES  : 0
   not swept  : 23
      MOV_ECX_from_EDI_plus_0x100            no identity assertion
      decode_range                           no identity assertion
      x64_RED_push_imm_default_size_64       no identity assertion
      x64_RED_n_movsxd_length                no identity assertion
      x64_RED_n_imul_imm32_length            no identity assertion
      x64_RED_n_imul_imm8_length             no identity assertion
      x64_RED_n_x87_modrm_length             no identity assertion
      x64_RED_n_enter_length                 no identity assertion
      x64_RED_n_jrcxz_length                 no identity assertion
      test_x64_table_consistency_sweep       no identity assertion
      test_x86_32_table_consistency_sweep    no identity assertion
      x64_RED_n_invalid_walk_continues       no identity assertion
      x64_GUARD_n_pushf_stays_len1           no identity assertion
      x64_GUARD_n_popf_stays_len1            no identity assertion
      x64_RED_x_fxch_register_form           no identity assertion
      x64_RED_x_fninit_register_form         no identity assertion
      x64_RED_x_fcomi_register_form          no identity assertion
      x64_GUARD_x_fadd_st0_register_form     no identity assertion
      open_register_is_exactly_the_xfail_list no identity assertion
      x64_GUARD_pop_rm_digit_nonzero_not_pop no identity assertion
      x64_GUARD_legacy_segment_push_invalid_in_64bit no identity assertion
      x64_GUARD_opcode_82_not_an_alu_op_in_64bit no identity assertion
      x64_GUARD_rex_does_not_leak_to_next_insn no identity assertion

REMAINDER, named rather than claimed: these two predicates check the
length and the mnemonic.  An operand COUNT, a register number or an
immediate copied from the decoder is the same defect and neither
predicate would see it.  No instrument covers that today.
