# The suite's own denominator, 2026-09-21 (owner item 2).
# Rule 27 applies to the suite as much as to any instrument: "25 suites,
# 115 tests, all green" is a numerator with no denominator printed.
#
# Method: whole tree rebuilt with --coverage at -O0, `make test-all` run,
#   then gcov over EVERY .gcda.  A source compiled into several test
#   binaries has several .gcda files; the MAXIMUM per source is taken,
#   because the union of what any run reached is what the suite reaches.
#   Counting only one would understate it; summing would double-count.
# Coverage is LINE coverage.  It says which lines ran, not whether what
#   ran was asserted -- a different and weaker claim than the 127
#   expectations confirmed against a second instrument.

file                                               lines  executed
src/decoders/x86_decoder.c                           909     92.4%
src/ir/uir.c                                         797     51.2%
src/ir/semantic.c                                    728     84.3%
src/main/translator.c                                709     43.2%
src/decoders/arm64_decoder.c                         555     48.1%
src/decoders/cil_decoder.c                           472     27.3%
src/loaders/pe_loader.c                              323     74.6%
src/loaders/elf_loader.c                             282     83.0%
src/codegen/forth_codegen.c                          230     81.7%
src/loaders/format_detect.c                          101     78.2%
src/ir/cil_semantic.c                                 65     70.8%
src/decoders/x86_opcode_len.h                         31     90.3%
src/loaders/com_loader.c                              15    100.0%
src/api/api_map.c                                      0      0.0%
src/codegen/codegen.c                                  0      0.0%
src/codegen/floored_div/codegen_floored_arm64.c        0      0.0%
src/codegen/floored_div/codegen_floored_riscv64.c       0      0.0%
src/codegen/floored_div/codegen_floored_x64.c          0      0.0%
src/decoders/riscv_decoder.c                           0      0.0%
src/optimize/optimize.c                                0      0.0%
TOTAL over src/                                     5217     65.1%

# The 0.0% rows are TWO different things and the first draft of this log
# conflated them.  Separated, because they cost differently to fix:

A. EMPTY PLACEHOLDERS -- no executable line exists, so 0% is correct and
   complete.  Each is a comment plus the stanza added 2026-09-20.
   src/api/api_map.c            766 bytes
   src/codegen/codegen.c        775 bytes
   src/decoders/riscv_decoder.c 773 bytes
   src/optimize/optimize.c      758 bytes

B. REAL CODE THAT NOTHING COMPILES -- 780 lines, and 0% here meant NOT
   MEASURED rather than not executed.  RESOLVED 2026-09-21; the trail is
   kept because the disposition matters more than the number:

   src/codegen/floored_div/{x64,arm64,riscv64}.c, 780 lines, were a
   BYTE-IDENTICAL DUPLICATE of tools/floored-division/, which is the real
   home (own Makefile, README, semantics suite, emitter harness).  The
   translator's `test-floored-div` target compiled
   .../floored_div/test_floored_div.c -- A FILE THAT HAS NEVER EXISTED
   THERE -- and was not in `test-all`, so it never ran and was never seen
   to fail.  The duplicate is DELETED and the target REMOVED, with the
   reason in the Makefile where the target was.

   At the real home the same measurement found worse, and it is fixed:
     - test_floored_div.c passes but includes only floored_div.h: it tests
       the REFERENCE SEMANTICS, not one emitted byte.
     - test_codegen.c (x64 emitters) compiles and runs and NO TARGET BUILT
       IT.
     - `make codegen-test` built a main() out of `echo` lines whose quoting
       does not survive a Makefile recipe, and lacked -I. as well.  It has
       never compiled.
     - codegen_floored_arm64.c and codegen_floored_riscv64.c -- 560 of the
       780 lines -- were compiled by NOTHING, anywhere, ever.
   Now: `make -C tools/floored-division` runs the semantics suite AND
   test_codegen_all.c, which exercises all NINE emitters across the three
   targets.  First run: 9 exercised, 0 failures.

   THE BLENDED FIGURE IS AN ALARM, NOT A NUMBER TO QUOTE.  Counting the 780
   as zero-covered printed "not measured" and "not executed" the same way,
   which is the very thing this log says must not happen.  Keep the two
   components visible instead:
     - 65.1% line coverage over what the translator's suite builds;
     - 780 lines, 13% of the tree, that were in no build at all.
   The single blended 56.6% is withdrawn as a quotable figure.

files with executable lines but ZERO executed:
