alive: 42 ok
THRU 1724 1782 ok
BIND: XHCI-BIND . -> '-1 ok'
CLAIM: XHCI-CLAIM . -> '0 ok'
SMI-OFF: SMI-OFF . -> '0 ok'
UP: XHCI-UP . -> '-1 ok'
RUN: XHCI-RUN . -> '-1 ok'
ADDRESS: FIRST-CCS ENUM-ADDRESS . -> '0 ok'
CONFIGURE: ENUM-CONFIGURE . -> '0 ok'
ENUM-HID: ENUM-HID . -> '0 ok'
XSLOT: XSLOT @ . -> '0 ok'
CTX-SZ: CTX-SZ @ . -> '20 ok'
BEFORE phys 0/4/8/C and 60..70: 0 @ . 4 @ . 8 @ . C @ . 60 @ . 64 @ . 68 @ . 6C @ . 70 @ . -> '-FFF00AD -FFF00AD -FFF1D3D -FFF00AD -FFF2B9E -FFF190E -FFF0192 -FFF00AD -FFF00AD ok'
ENABLE-SLOT cc slot: ENABLE-SLOT . . -> '2 1 ok'
new slot into XSLOT: ENABLE-SLOT SWAP DROP XSLOT !  XSLOT @ . -> '3 ok'
DCBAA[new]: XDCBAA @ XSLOT @ 8 * + @ . -> '0 ok'
CONFIGURE-EP on Enabled-only slot: CONFIGURE-EP . -> '5 ok'
AFTER  phys 0/4/8/C and 60..70: 0 @ . 4 @ . 8 @ . C @ . 60 @ . 64 @ . 68 @ . 6C @ . 70 @ . -> '-FFF00AD -FFF00AD -FFF1D3D -FFF00AD -FFF2B9E -FFF190E -FFF0192 -FFF00AD -FFF00AD ok'
DISABLE new, restore: XSLOT @ DISABLE-SLOT . S4S @ XSLOT !  XSLOT @ . -> '1 0 ok'
teardown: HID-DOWN . SLOT-DOWN . XHCI-DOWN . -> '0 0 -1 ok'
